07-03 13:12:10.216  1806  2296 D MIUIInput: [MotionEvent] publisher action=0x0, 150937576, channel '9791f25 com.qrolic.reminderapp/com.qrolic.reminderapp.activity.HomeActivity (server)'
07-03 13:12:10.285  1806  2296 D MIUIInput: [MotionEvent] publisher action=0x1, 150937646, channel '9791f25 com.qrolic.reminderapp/com.qrolic.reminderapp.activity.HomeActivity (server)'
07-03 13:12:10.298  1806  5268 D CoreBackPreview: Window{9791f25 u0 com.qrolic.reminderapp/com.qrolic.reminderapp.activity.HomeActivity}: Setting back callback null
07-03 13:12:10.317  1806  5268 W InputManager-JNI: Input channel object '9791f25 com.qrolic.reminderapp/com.qrolic.reminderapp.activity.HomeActivity (client)' was disposed without first being removed with the input manager!
07-03 13:12:10.327  1806  5268 D WindowManager: wms.Input focus has changed to Window{61bc9c0 u0 com.qrolic.reminderapp/com.qrolic.reminderapp.activity.HomeActivity} display=0 updateInputWindows = false
07-03 13:12:10.347  1068  2175 I SurfaceFlinger: sf.setTransactionState focusRequest transactionId:7756711056202 frontWin:61bc9c0 com.qrolic.reminderapp/com.qrolic.reminderapp.activity.HomeActivity
07-03 13:12:10.358  1068  1740 D SurfaceFlinger: updateInputFlinger::setFocusedWindow: windowName=61bc9c0 com.qrolic.reminderapp/com.qrolic.reminderapp.activity.HomeActivity focusRequests.size=1
07-03 13:12:10.404 28638 28638 I ForceDarkHelperStubImpl: setViewRootImplForceDark: false for com.qrolic.reminderapp.activity.HomeActivity@a044ea6, reason: AppDarkModeEnable
07-03 13:12:10.408  1806  4698 D WindowManager: wms.Input focus has changed to Window{491405 u0 com.qrolic.reminderapp/com.qrolic.reminderapp.activity.HomeActivity} display=0 updateInputWindows = false
07-03 13:12:10.409  1806  2016 D WindowManager: wms.Focus not requested for window=Window{491405 u0 com.qrolic.reminderapp/com.qrolic.reminderapp.activity.HomeActivity} because it has no surface or is not focusable.
07-03 13:12:10.412  1806  4698 D CoreBackPreview: Window{491405 u0 com.qrolic.reminderapp/com.qrolic.reminderapp.activity.HomeActivity}: Setting back callback OnBackInvokedCallbackInfo{mCallback=android.window.IOnBackInvokedCallback$Stub$Proxy@24d4867, mPriority=0}
07-03 13:12:10.455  1806  2016 D WindowManager: wms.Update InputWindowHandle: 491405 com.qrolic.reminderapp/com.qrolic.reminderapp.activity.HomeActivity, frame=[0,0,0,0], touchableRegion=SkRegion((-28,-759,1052,1641)), scaleFactor=1.0, transform=null, windowToken=android.os.BinderProxy@c4a237c, isClone=false, visibal=true, focusable=true, changed=true
07-03 13:12:10.458  1068  2175 I SurfaceFlinger: sf.setTransactionState focusRequest transactionId:7756711056222 frontWin:491405 com.qrolic.reminderapp/com.qrolic.reminderapp.activity.HomeActivity
07-03 13:12:10.461 28638 28638 I ForceDarkHelperStubImpl: setViewRootImplForceDark: false for com.qrolic.reminderapp.activity.HomeActivity@a044ea6, reason: AppDarkModeEnable
07-03 13:12:10.470  1068  1740 D SurfaceFlinger: updateInputFlinger::setFocusedWindow: windowName=491405 com.qrolic.reminderapp/com.qrolic.reminderapp.activity.HomeActivity focusRequests.size=1
07-03 13:12:10.507  1806  5268 D WindowManager: wms.finishDrawingLocked: mDrawState=COMMIT_DRAW_PENDING Window{491405 u0 com.qrolic.reminderapp/com.qrolic.reminderapp.activity.HomeActivity} in Surface(name=com.qrolic.reminderapp/com.qrolic.reminderapp.activity.HomeActivity)/@0xda16614
07-03 13:12:10.514  1806  2016 I WindowManager: wms.showSurfaceRobustly mWin:Window{491405 u0 com.qrolic.reminderapp/com.qrolic.reminderapp.activity.HomeActivity}
07-03 13:12:10.517  1806  2016 D WindowManager: wms.Update InputWindowHandle: 491405 com.qrolic.reminderapp/com.qrolic.reminderapp.activity.HomeActivity, frame=[0,0,0,0], touchableRegion=SkRegion((-28,-759,1052,1641)), scaleFactor=1.0, transform=null, windowToken=android.os.BinderProxy@c4a237c, isClone=false, visibal=true, focusable=true, changed=true
07-03 13:12:10.673  1806  2016 D WindowManager: wms.Update InputWindowHandle: 491405 com.qrolic.reminderapp/com.qrolic.reminderapp.activity.HomeActivity, frame=[0,0,0,0], touchableRegion=SkRegion((-28,-759,1052,1641)), scaleFactor=1.0, transform=null, windowToken=android.os.BinderProxy@c4a237c, isClone=false, visibal=true, focusable=true, changed=true
07-03 13:12:15.659  1806  2296 D MIUIInput: [MotionEvent] publisher action=0x0, 150943018, channel '491405 com.qrolic.reminderapp/com.qrolic.reminderapp.activity.HomeActivity (server)'
07-03 13:12:15.774  1806  2296 D MIUIInput: [MotionEvent] publisher action=0x1, 150943135, channel '491405 com.qrolic.reminderapp/com.qrolic.reminderapp.activity.HomeActivity (server)'
07-03 13:12:15.827  1806  5268 D CoreBackPreview: Window{491405 u0 com.qrolic.reminderapp/com.qrolic.reminderapp.activity.HomeActivity}: Setting back callback null
07-03 13:12:15.833  1806  5268 W InputManager-JNI: Input channel object '491405 com.qrolic.reminderapp/com.qrolic.reminderapp.activity.HomeActivity (client)' was disposed without first being removed with the input manager!
07-03 13:12:15.836  1806  5268 D WindowManager: wms.Input focus has changed to Window{61bc9c0 u0 com.qrolic.reminderapp/com.qrolic.reminderapp.activity.HomeActivity} display=0 updateInputWindows = false
07-03 13:12:15.855  1068  2175 I SurfaceFlinger: sf.setTransactionState focusRequest transactionId:7756711056264 frontWin:61bc9c0 com.qrolic.reminderapp/com.qrolic.reminderapp.activity.HomeActivity
07-03 13:12:15.866  1068  1740 D SurfaceFlinger: updateInputFlinger::setFocusedWindow: windowName=61bc9c0 com.qrolic.reminderapp/com.qrolic.reminderapp.activity.HomeActivity focusRequests.size=1
07-03 13:12:15.903  6185  6185 I GoogleInputMethodService: GoogleInputMethodService.onStartInput():1986 onStartInput(EditorInfo{EditorInfo{packageName=com.qrolic.reminderapp, inputType=0, inputTypeString=NULL, enableLearning=false, autoCorrection=false, autoComplete=false, imeOptions=0, privateImeOptions=null, actionName=UNSPECIFIED, actionLabel=null, initialSelStart=-1, initialSelEnd=-1, initialCapsMode=0, label=null, fieldId=-1, fieldName=null, extras=Bundle[mParcelledData.dataSize=72], hintText=null, hintLocales=[]}}, false)
07-03 13:12:40.697  8619  9485 D collectorManager: ThermalScenarioValue setForegroundCounts: com.qrolic.reminderapp
07-03 13:12:45.346  1806  2296 D MIUIInput: [MotionEvent] publisher action=0x0, 150972707, channel '61bc9c0 com.qrolic.reminderapp/com.qrolic.reminderapp.activity.HomeActivity (server)'
07-03 13:12:45.407  1806  2296 D MIUIInput: [MotionEvent] publisher action=0x1, 150972768, channel '61bc9c0 com.qrolic.reminderapp/com.qrolic.reminderapp.activity.HomeActivity (server)'
07-03 13:12:45.452  1806  6278 I ActivityTaskManager: START u0 {cmp=com.qrolic.reminderapp/.activity.AddNewReminder} from uid 10361 from pid 28638 callingPackage com.qrolic.reminderapp
07-03 13:12:45.461  1806  6278 D WindowManager: setLockTaskAuth: task=Task{b8def73 #32830 type=standard A=10361:com.qrolic.reminderapp U=0 visible=true visibleRequested=true mode=fullscreen translucent=false sz=2} mLockTaskAuth=LOCK_TASK_AUTH_PINNABLE
07-03 13:12:45.463  1806  6278 D PerfStubImpl: perfWarmLaunchBoost: com.qrolic.reminderapp, -1, 2
07-03 13:12:45.470  1806  2016 D WindowManager: wms.Update InputWindowHandle: 61bc9c0 com.qrolic.reminderapp/com.qrolic.reminderapp.activity.HomeActivity, frame=[0,0,0,0], touchableRegion=SkRegion((0,0,1080,2400)), scaleFactor=1.0, transform=null, windowToken=android.os.BinderProxy@3617f43, isClone=false, visibal=true, focusable=true, changed=true
07-03 13:12:45.476  1806  6278 D PerfStubImpl: perfWarmLaunchBoost: com.qrolic.reminderapp, -1, 2
07-03 13:12:45.476  1806  6278 I ActivityTaskManager: The Process com.qrolic.reminderapp Already Exists in BG. So sending its PID: 28638
07-03 13:12:45.486  1806  2466 D ProcessManager: skip notify foregroundAppInfo:ApplicationInfo{a5a5899 com.qrolic.reminderapp}
07-03 13:12:45.586  2992  2992 D KeyguardEditorHelper: onTopActivityMayChanged, topActivity=ComponentInfo{com.qrolic.reminderapp/com.qrolic.reminderapp.activity.AddNewReminder}; mState=IDEL
07-03 13:12:45.587  2992  2992 I FocusedNotifPromptContr: onTopActivityMayChanged: topActivity=com.qrolic.reminderapp
07-03 13:12:45.587  2992  2992 I FocusedNotifPromptContr: topActivityMayChanged: topActivity=com.qrolic.reminderapp
07-03 13:12:45.587  3035  3613 W RecentsModel: getRunningTask   taskInfo=TaskInfo{userId=0 taskId=32830 displayId=0 isRunning=true baseIntent=Intent { act=android.intent.action.MAIN cat=[android.intent.category.LAUNCHER] flg=0x10200000 cmp=com.qrolic.reminderapp/.activity.SplashActivity } baseActivity=ComponentInfo{com.qrolic.reminderapp/com.qrolic.reminderapp.activity.HomeActivity} topActivity=ComponentInfo{com.qrolic.reminderapp/com.qrolic.reminderapp.activity.AddNewReminder} origActivity=null realActivity=ComponentInfo{com.qrolic.reminderapp/com.qrolic.reminderapp.activity.SplashActivity} numActivities=2 lastActiveTime=161261672 supportsSplitScreenMultiWindow=true supportsMultiWindow=true resizeMode=1 isResizeable=true minWidth=-1 minHeight=-1 defaultMinSize=200 token=WCT{android.window.IWindowContainerToken$Stub$Proxy@ab6cfca} topActivityType=1 pictureInPictureParams=null shouldDockBigOverlays=false launchIntoPipHostTaskId=0 displayCutoutSafeInsets=Rect(0, 93 - 0, 0) topActivityInfo=ActivityInfo{362353b com.qrolic.reminderapp.activity.AddNewReminder} launchCookies=[] positionInParent=Point(0, 0) parentTaskId=-1 isFocused=true isVisible=true isSleeping=false topActivityInSizeCompat=false topActivityInMiuiSizeCompat=false topActivityEligibleForLetterboxEducation= false locusId=null displayAreaFeatureId=1 cameraCompatControlState=hidden mIsCastMode=false}
07-03 13:12:45.587  3035  3613 W RecentsModel: getTaskInfoIgnoreHomeAndFreeform   taskInfo=ComponentInfo{com.qrolic.reminderapp/com.qrolic.reminderapp.activity.HomeActivity}
07-03 13:12:45.593  3035  3613 E ActivityManagerWrapper: getRecentTasks: mainTaskId=32830   userId=0   baseIntent=Intent { act=android.intent.action.MAIN flag=270532608 cmp=ComponentInfo{com.qrolic.reminderapp/com.qrolic.reminderapp.activity.SplashActivity} }
07-03 13:12:45.630 28638 28638 I ForceDarkHelperStubImpl: setViewRootImplForceDark: false for com.qrolic.reminderapp.activity.AddNewReminder@92c73d3, reason: AppDarkModeEnable
07-03 13:12:45.639  1806  4698 D CoreBackPreview: Window{7d7b8f8 u0 com.qrolic.reminderapp/com.qrolic.reminderapp.activity.AddNewReminder}: Setting back callback OnBackInvokedCallbackInfo{mCallback=android.window.IOnBackInvokedCallback$Stub$Proxy@d8c2436, mPriority=0}
07-03 13:12:45.640  3035  3035 D RecentsImpl: mActivityStateObserver com.qrolic.reminderapp.activity.AddNewReminder
07-03 13:12:45.640  3035  3035 W RecentsImpl: onResumed className=com.qrolic.reminderapp.activity.AddNewReminder   mIsInAnotherPro=false   isKeyguardLocked=false   mSecuritySpaceGuideShown=false
07-03 13:12:45.642  3035  3613 W RecentsModel: getRunningTask   taskInfo=TaskInfo{userId=0 taskId=32830 displayId=0 isRunning=true baseIntent=Intent { act=android.intent.action.MAIN cat=[android.intent.category.LAUNCHER] flg=0x10200000 cmp=com.qrolic.reminderapp/.activity.SplashActivity } baseActivity=ComponentInfo{com.qrolic.reminderapp/com.qrolic.reminderapp.activity.HomeActivity} topActivity=ComponentInfo{com.qrolic.reminderapp/com.qrolic.reminderapp.activity.AddNewReminder} origActivity=null realActivity=ComponentInfo{com.qrolic.reminderapp/com.qrolic.reminderapp.activity.SplashActivity} numActivities=2 lastActiveTime=161261726 supportsSplitScreenMultiWindow=true supportsMultiWindow=true resizeMode=1 isResizeable=true minWidth=-1 minHeight=-1 defaultMinSize=200 token=WCT{android.window.IWindowContainerToken$Stub$Proxy@3aad458} topActivityType=1 pictureInPictureParams=null shouldDockBigOverlays=false launchIntoPipHostTaskId=0 displayCutoutSafeInsets=Rect(0, 93 - 0, 0) topActivityInfo=ActivityInfo{7f69b1 com.qrolic.reminderapp.activity.AddNewReminder} launchCookies=[] positionInParent=Point(0, 0) parentTaskId=-1 isFocused=true isVisible=true isSleeping=false topActivityInSizeCompat=false topActivityInMiuiSizeCompat=false topActivityEligibleForLetterboxEducation= false locusId=null displayAreaFeatureId=1 cameraCompatControlState=hidden mIsCastMode=false}
07-03 13:12:45.642  3035  3613 W RecentsModel: getTaskInfoIgnoreHomeAndFreeform   taskInfo=ComponentInfo{com.qrolic.reminderapp/com.qrolic.reminderapp.activity.HomeActivity}
07-03 13:12:45.656  3035  3613 E ActivityManagerWrapper: getRecentTasks: mainTaskId=32830   userId=0   baseIntent=Intent { act=android.intent.action.MAIN flag=270532608 cmp=ComponentInfo{com.qrolic.reminderapp/com.qrolic.reminderapp.activity.SplashActivity} }
07-03 13:12:45.677  1806  6279 D WindowManager: wms.Input focus has changed to Window{7d7b8f8 u0 com.qrolic.reminderapp/com.qrolic.reminderapp.activity.AddNewReminder} display=0 updateInputWindows = true
07-03 13:12:45.679  1806  2016 D WindowManager: wms.Update InputWindowHandle: 7d7b8f8 com.qrolic.reminderapp/com.qrolic.reminderapp.activity.AddNewReminder, frame=[0,0,0,0], touchableRegion=SkRegion((0,0,1080,2400)), scaleFactor=1.0, transform=null, windowToken=android.os.BinderProxy@697485b, isClone=false, visibal=true, focusable=true, changed=true
07-03 13:12:45.682  1068  1179 I SurfaceFlinger: sf.setTransactionState focusRequest transactionId:7756711056305 frontWin:7d7b8f8 com.qrolic.reminderapp/com.qrolic.reminderapp.activity.AddNewReminder
07-03 13:12:45.693  1068  1740 D SurfaceFlinger: updateInputFlinger::setFocusedWindow: windowName=7d7b8f8 com.qrolic.reminderapp/com.qrolic.reminderapp.activity.AddNewReminder focusRequests.size=1
07-03 13:12:45.723  1806  6279 D WindowManager: wms.finishDrawingLocked: mDrawState=COMMIT_DRAW_PENDING Window{7d7b8f8 u0 com.qrolic.reminderapp/com.qrolic.reminderapp.activity.AddNewReminder} in Surface(name=com.qrolic.reminderapp/com.qrolic.reminderapp.activity.AddNewReminder)/@0xa3467d3
07-03 13:12:45.723  1806  6279 D MiuiFreeFormGesturePointerEventListener: finishDrawingWindow: topFullScreenWindow= Window{7d7b8f8 u0 com.qrolic.reminderapp/com.qrolic.reminderapp.activity.AddNewReminder}
07-03 13:12:45.732  1806  2012 I ActivityTaskManager: Displayed com.qrolic.reminderapp/.activity.AddNewReminder: +279ms
07-03 13:12:45.734  1806  2016 I WindowManager: wms.showSurfaceRobustly mWin:Window{7d7b8f8 u0 com.qrolic.reminderapp/com.qrolic.reminderapp.activity.AddNewReminder}
07-03 13:12:45.763  6185  6185 I GoogleInputMethodService: GoogleInputMethodService.onStartInput():1986 onStartInput(EditorInfo{EditorInfo{packageName=com.qrolic.reminderapp, inputType=0, inputTypeString=NULL, enableLearning=false, autoCorrection=false, autoComplete=false, imeOptions=0, privateImeOptions=null, actionName=UNSPECIFIED, actionLabel=null, initialSelStart=-1, initialSelEnd=-1, initialCapsMode=0, label=null, fieldId=-1, fieldName=null, extras=Bundle[mParcelledData.dataSize=72], hintText=null, hintLocales=[]}}, false)
07-03 13:12:46.243  1806  2016 D WindowManager: wms.Update InputWindowHandle: 7d7b8f8 com.qrolic.reminderapp/com.qrolic.reminderapp.activity.AddNewReminder, frame=[0,0,0,0], touchableRegion=SkRegion((0,0,1080,2400)), scaleFactor=1.0, transform=null, windowToken=android.os.BinderProxy@697485b, isClone=false, visibal=true, focusable=true, changed=true
07-03 13:12:56.038  1806  2296 D MIUIInput: [MotionEvent] publisher action=0x0, 150983398, channel '7d7b8f8 com.qrolic.reminderapp/com.qrolic.reminderapp.activity.AddNewReminder (server)'
07-03 13:12:56.111  1806  2296 D MIUIInput: [MotionEvent] publisher action=0x1, 150983472, channel '7d7b8f8 com.qrolic.reminderapp/com.qrolic.reminderapp.activity.AddNewReminder (server)'
07-03 13:12:56.176  1068  1180 D MI-SF   : updateScene: module = 270 (Input), value = 1, pkg = com.qrolic.reminderapp, Vrr = 1
07-03 13:12:56.203  1806  6279 D ContentCapturePerUserService: Notified activity assist data for activity: Token{7b25f9d ActivityRecord{2117e74 u0 com.qrolic.reminderapp/.activity.AddNewReminder} t32830}} without a session Id
07-03 13:12:56.209  6185  6185 I GoogleInputMethodService: GoogleInputMethodService.onStartInput():1986 onStartInput(EditorInfo{EditorInfo{packageName=com.qrolic.reminderapp, inputType=20001, inputTypeString=Normal, enableLearning=true, autoCorrection=true, autoComplete=true, imeOptions=40000006, privateImeOptions=null, actionName=DONE, actionLabel=null, initialSelStart=0, initialSelEnd=0, initialCapsMode=0, label=null, fieldId=2131296436, fieldName=null, extras=Bundle[mParcelledData.dataSize=72], hintText=non-empty, hintLocales=[]}}, false)
07-03 13:12:56.213  6185  6185 I GoogleInputMethodService: GoogleInputMethodService.onStartInputView():2098 onStartInputView(EditorInfo{EditorInfo{packageName=com.qrolic.reminderapp, inputType=20001, inputTypeString=Normal, enableLearning=true, autoCorrection=true, autoComplete=true, imeOptions=40000006, privateImeOptions=null, actionName=DONE, actionLabel=null, initialSelStart=0, initialSelEnd=0, initialCapsMode=0, label=null, fieldId=2131296436, fieldName=null, extras=Bundle[{hand_writing_keyboard_type=1}], hintText=non-empty, hintLocales=[]}}, false)
07-03 13:12:56.222  6185  6185 I AndroidIME: AbstractIme.onActivate():89 LatinIme.onActivate() : EditorInfo = EditorInfo{packageName=com.qrolic.reminderapp, inputType=20001, inputTypeString=Normal, enableLearning=true, autoCorrection=true, autoComplete=true, imeOptions=40000006, privateImeOptions=null, actionName=DONE, actionLabel=null, initialSelStart=0, initialSelEnd=0, initialCapsMode=0, label=null, fieldId=2131296436, fieldName=null, extras=Bundle[{hand_writing_keyboard_type=1}], hintText=non-empty, hintLocales=[]}, IncognitoMode = false, DeviceLocked = false
07-03 13:12:56.437  1806  4698 I WindowManager: WMS.showImePostLayout(), imeTarget = Window{7d7b8f8 u0 com.qrolic.reminderapp/com.qrolic.reminderapp.activity.AddNewReminder}
07-03 13:12:56.442 16389 20108 W adrj    : Infinite Data has no result for com.qrolic.reminderapp [CONTEXT service_id=177 ]
07-03 13:12:56.443 16389 16548 W adrj    : Infinite Data has no result for com.qrolic.reminderapp [CONTEXT service_id=177 ]
07-03 13:12:56.460 16389 16546 W adrj    : Infinite Data has no result for com.qrolic.reminderapp [CONTEXT service_id=177 ]
07-03 13:12:56.462 16389 16546 W adrj    : Infinite Data has no result for com.qrolic.reminderapp [CONTEXT service_id=177 ]
07-03 13:13:02.039  1806  2296 D MIUIInput: [MotionEvent] publisher action=0x0, 150989400, channel '7d7b8f8 com.qrolic.reminderapp/com.qrolic.reminderapp.activity.AddNewReminder (server)'
07-03 13:13:02.095  1806  2296 D MIUIInput: [MotionEvent] publisher action=0x1, 150989456, channel '7d7b8f8 com.qrolic.reminderapp/com.qrolic.reminderapp.activity.AddNewReminder (server)'
07-03 13:13:03.363  1806  2296 D MIUIInput: [MotionEvent] publisher action=0x0, 150990724, channel '7d7b8f8 com.qrolic.reminderapp/com.qrolic.reminderapp.activity.AddNewReminder (server)'
07-03 13:13:03.433  1806  2296 D MIUIInput: [MotionEvent] publisher action=0x1, 150990794, channel '7d7b8f8 com.qrolic.reminderapp/com.qrolic.reminderapp.activity.AddNewReminder (server)'
07-03 13:13:03.547 28638 28638 I ForceDarkHelperStubImpl: setViewRootImplForceDark: false for com.qrolic.reminderapp.activity.AddNewReminder@92c73d3, reason: AppDarkModeEnable
07-03 13:13:03.550  1806  5268 D WindowManager: wms.Input focus has changed to Window{5312d8d u0 com.qrolic.reminderapp/com.qrolic.reminderapp.activity.AddNewReminder} display=0 updateInputWindows = false
07-03 13:13:03.560  1806  2016 D WindowManager: wms.Focus not requested for window=Window{5312d8d u0 com.qrolic.reminderapp/com.qrolic.reminderapp.activity.AddNewReminder} because it has no surface or is not focusable.
07-03 13:13:03.564  1806  5268 D CoreBackPreview: Window{5312d8d u0 com.qrolic.reminderapp/com.qrolic.reminderapp.activity.AddNewReminder}: Setting back callback OnBackInvokedCallbackInfo{mCallback=android.window.IOnBackInvokedCallback$Stub$Proxy@3df198e, mPriority=0}
07-03 13:13:03.566  1806  2016 D WindowManager: wms.Focus not requested for window=Window{5312d8d u0 com.qrolic.reminderapp/com.qrolic.reminderapp.activity.AddNewReminder} because it has no surface or is not focusable.
07-03 13:13:04.114  1806  2016 D WindowManager: wms.Update InputWindowHandle: 5312d8d com.qrolic.reminderapp/com.qrolic.reminderapp.activity.AddNewReminder, frame=[0,0,0,0], touchableRegion=SkRegion((-45,-93,1035,2307)), scaleFactor=1.0, transform=null, windowToken=android.os.BinderProxy@e940e24, isClone=false, visibal=true, focusable=true, changed=true
07-03 13:13:04.121 28638 28638 I ForceDarkHelperStubImpl: setViewRootImplForceDark: false for com.qrolic.reminderapp.activity.AddNewReminder@92c73d3, reason: AppDarkModeEnable
07-03 13:13:04.122  1068  2176 I SurfaceFlinger: sf.setTransactionState focusRequest transactionId:7756711056418 frontWin:5312d8d com.qrolic.reminderapp/com.qrolic.reminderapp.activity.AddNewReminder
07-03 13:13:04.132  1068  1740 D SurfaceFlinger: updateInputFlinger::setFocusedWindow: windowName=5312d8d com.qrolic.reminderapp/com.qrolic.reminderapp.activity.AddNewReminder focusRequests.size=1
07-03 13:13:04.347  1806  2296 D MIUIInput: [MotionEvent] publisher action=0x0, 150991708, channel '7d7b8f8 com.qrolic.reminderapp/com.qrolic.reminderapp.activity.AddNewReminder (server)'
07-03 13:13:04.388  1806  5268 D WindowManager: wms.finishDrawingLocked: mDrawState=COMMIT_DRAW_PENDING Window{5312d8d u0 com.qrolic.reminderapp/com.qrolic.reminderapp.activity.AddNewReminder} in Surface(name=com.qrolic.reminderapp/com.qrolic.reminderapp.activity.AddNewReminder)/@0x19b55af
07-03 13:13:04.390  1806  2296 D MIUIInput: [MotionEvent] publisher action=0x1, 150991752, channel '7d7b8f8 com.qrolic.reminderapp/com.qrolic.reminderapp.activity.AddNewReminder (server)'
07-03 13:13:04.396  1806  2016 I WindowManager: wms.showSurfaceRobustly mWin:Window{5312d8d u0 com.qrolic.reminderapp/com.qrolic.reminderapp.activity.AddNewReminder}
07-03 13:13:04.400  1806  2016 D WindowManager: wms.Update InputWindowHandle: 5312d8d com.qrolic.reminderapp/com.qrolic.reminderapp.activity.AddNewReminder, frame=[0,0,0,0], touchableRegion=SkRegion((-45,-93,1035,2307)), scaleFactor=1.0, transform=null, windowToken=android.os.BinderProxy@e940e24, isClone=false, visibal=true, focusable=true, changed=true
07-03 13:13:04.558  1806  2016 D WindowManager: wms.Update InputWindowHandle: 5312d8d com.qrolic.reminderapp/com.qrolic.reminderapp.activity.AddNewReminder, frame=[0,0,0,0], touchableRegion=SkRegion((-45,-93,1035,2307)), scaleFactor=1.0, transform=null, windowToken=android.os.BinderProxy@e940e24, isClone=false, visibal=true, focusable=true, changed=true
07-03 13:13:05.518  1806  2296 D MIUIInput: [MotionEvent] publisher action=0x0, 150992880, channel '5312d8d com.qrolic.reminderapp/com.qrolic.reminderapp.activity.AddNewReminder (server)'
07-03 13:13:05.542  1068  2177 D MI-SF   : updateScene: module = 270 (Input), value = 0, pkg = com.qrolic.reminderapp, Vrr = 1
07-03 13:13:05.582  1806  2296 D MIUIInput: [MotionEvent] publisher action=0x1, 150992944, channel '5312d8d com.qrolic.reminderapp/com.qrolic.reminderapp.activity.AddNewReminder (server)'
07-03 13:13:05.664  6185  6185 I GoogleInputMethodService: GoogleInputMethodService.onStartInput():1986 onStartInput(EditorInfo{EditorInfo{packageName=com.qrolic.reminderapp, inputType=0, inputTypeString=NULL, enableLearning=false, autoCorrection=false, autoComplete=false, imeOptions=0, privateImeOptions=null, actionName=UNSPECIFIED, actionLabel=null, initialSelStart=-1, initialSelEnd=-1, initialCapsMode=0, label=null, fieldId=-1, fieldName=null, extras=Bundle[mParcelledData.dataSize=72], hintText=null, hintLocales=[]}}, false)
07-03 13:13:05.694  1806  2016 D WindowManager: wms.Update InputWindowHandle: 5312d8d com.qrolic.reminderapp/com.qrolic.reminderapp.activity.AddNewReminder, frame=[0,0,0,0], touchableRegion=SkRegion((-45,-433,1035,1967)), scaleFactor=1.0, transform=null, windowToken=android.os.BinderProxy@e940e24, isClone=false, visibal=true, focusable=true, changed=true
07-03 13:13:05.729 28638 28638 I ForceDarkHelperStubImpl: setViewRootImplForceDark: false for com.qrolic.reminderapp.activity.AddNewReminder@92c73d3, reason: AppDarkModeEnable
07-03 13:13:05.734  1806  6279 D WindowManager: wms.Input focus has changed to Window{f54dec u0 com.qrolic.reminderapp/com.qrolic.reminderapp.activity.AddNewReminder} display=0 updateInputWindows = false
07-03 13:13:05.735  1806  2016 D WindowManager: wms.Focus not requested for window=Window{f54dec u0 com.qrolic.reminderapp/com.qrolic.reminderapp.activity.AddNewReminder} because it has no surface or is not focusable.
07-03 13:13:05.737  1806  6279 D CoreBackPreview: Window{f54dec u0 com.qrolic.reminderapp/com.qrolic.reminderapp.activity.AddNewReminder}: Setting back callback OnBackInvokedCallbackInfo{mCallback=android.window.IOnBackInvokedCallback$Stub$Proxy@9031b16, mPriority=0}
07-03 13:13:05.916  1806  2016 D WindowManager: wms.Focus not requested for window=Window{f54dec u0 com.qrolic.reminderapp/com.qrolic.reminderapp.activity.AddNewReminder} because it has no surface or is not focusable.
07-03 13:13:05.935  1806  2016 D WindowManager: wms.Focus not requested for window=Window{f54dec u0 com.qrolic.reminderapp/com.qrolic.reminderapp.activity.AddNewReminder} because it has no surface or is not focusable.
07-03 13:13:05.939  1806  2016 D WindowManager: wms.Focus not requested for window=Window{f54dec u0 com.qrolic.reminderapp/com.qrolic.reminderapp.activity.AddNewReminder} because it has no surface or is not focusable.
07-03 13:13:05.979  1806  2016 D WindowManager: wms.Focus not requested for window=Window{f54dec u0 com.qrolic.reminderapp/com.qrolic.reminderapp.activity.AddNewReminder} because it has no surface or is not focusable.
07-03 13:13:06.096  1806  2016 D WindowManager: wms.Focus not requested for window=Window{f54dec u0 com.qrolic.reminderapp/com.qrolic.reminderapp.activity.AddNewReminder} because it has no surface or is not focusable.
07-03 13:13:06.108  1806  2016 D WindowManager: wms.Focus not requested for window=Window{f54dec u0 com.qrolic.reminderapp/com.qrolic.reminderapp.activity.AddNewReminder} because it has no surface or is not focusable.
07-03 13:13:06.252  1806  5268 W NotificationService: Toast already killed. pkg=com.qrolic.reminderapp token=android.os.BinderProxy@d40eef0
07-03 13:13:06.255  1806  2016 D WindowManager: wms.Focus not requested for window=Window{f54dec u0 com.qrolic.reminderapp/com.qrolic.reminderapp.activity.AddNewReminder} because it has no surface or is not focusable.
07-03 13:13:06.272  1806  2016 D WindowManager: wms.Focus not requested for window=Window{f54dec u0 com.qrolic.reminderapp/com.qrolic.reminderapp.activity.AddNewReminder} because it has no surface or is not focusable.
07-03 13:13:06.348  1806  2016 D WindowManager: wms.Update InputWindowHandle: f54dec com.qrolic.reminderapp/com.qrolic.reminderapp.activity.AddNewReminder, frame=[0,0,0,0], touchableRegion=SkRegion((-45,-433,1035,1967)), scaleFactor=1.0, transform=null, windowToken=android.os.BinderProxy@353089f, isClone=false, visibal=true, focusable=true, changed=true
07-03 13:13:06.350  1068  2176 I SurfaceFlinger: sf.setTransactionState focusRequest transactionId:7756711056526 frontWin:f54dec com.qrolic.reminderapp/com.qrolic.reminderapp.activity.AddNewReminder
07-03 13:13:06.354 28638 28638 I ForceDarkHelperStubImpl: setViewRootImplForceDark: false for com.qrolic.reminderapp.activity.AddNewReminder@92c73d3, reason: AppDarkModeEnable
07-03 13:13:06.360  1068  1740 D SurfaceFlinger: updateInputFlinger::setFocusedWindow: windowName=f54dec com.qrolic.reminderapp/com.qrolic.reminderapp.activity.AddNewReminder focusRequests.size=1
07-03 13:13:06.606  1806  4698 D WindowManager: wms.finishDrawingLocked: mDrawState=COMMIT_DRAW_PENDING Window{f54dec u0 com.qrolic.reminderapp/com.qrolic.reminderapp.activity.AddNewReminder} in Surface(name=com.qrolic.reminderapp/com.qrolic.reminderapp.activity.AddNewReminder)/@0xb130c69
07-03 13:13:06.613  1806  2016 I WindowManager: wms.showSurfaceRobustly mWin:Window{f54dec u0 com.qrolic.reminderapp/com.qrolic.reminderapp.activity.AddNewReminder}
07-03 13:13:06.615  1806  2016 D WindowManager: wms.Update InputWindowHandle: f54dec com.qrolic.reminderapp/com.qrolic.reminderapp.activity.AddNewReminder, frame=[0,0,0,0], touchableRegion=SkRegion((-45,-433,1035,1967)), scaleFactor=1.0, transform=null, windowToken=android.os.BinderProxy@353089f, isClone=false, visibal=true, focusable=true, changed=true
07-03 13:13:06.616  1806  2296 D MIUIInput: [MotionEvent] publisher action=0x0, 150993978, channel '5312d8d com.qrolic.reminderapp/com.qrolic.reminderapp.activity.AddNewReminder (server)'
07-03 13:13:06.691  1806  2296 D MIUIInput: [MotionEvent] publisher action=0x1, 150994053, channel '5312d8d com.qrolic.reminderapp/com.qrolic.reminderapp.activity.AddNewReminder (server)'
07-03 13:13:06.774  1806  2016 D WindowManager: wms.Update InputWindowHandle: f54dec com.qrolic.reminderapp/com.qrolic.reminderapp.activity.AddNewReminder, frame=[0,0,0,0], touchableRegion=SkRegion((-45,-433,1035,1967)), scaleFactor=1.0, transform=null, windowToken=android.os.BinderProxy@353089f, isClone=false, visibal=true, focusable=true, changed=true
07-03 13:13:07.783 28638 28638 W InputTransport: PerfMonitor: 1092ms so far, channel '5312d8d com.qrolic.reminderapp/com.qrolic.reminderapp.activity.AddNewReminder (client)' consumer ~ consumed montion event,seq=417389
07-03 13:13:07.813  6185  6185 I GoogleInputMethodService: GoogleInputMethodService.onStartInput():1986 onStartInput(EditorInfo{EditorInfo{packageName=com.qrolic.reminderapp, inputType=0, inputTypeString=NULL, enableLearning=false, autoCorrection=false, autoComplete=false, imeOptions=0, privateImeOptions=null, actionName=UNSPECIFIED, actionLabel=null, initialSelStart=-1, initialSelEnd=-1, initialCapsMode=0, label=null, fieldId=-1, fieldName=null, extras=Bundle[mParcelledData.dataSize=72], hintText=null, hintLocales=[]}}, false)
07-03 13:13:08.243  1806  4698 D CoreBackPreview: Window{5312d8d u0 com.qrolic.reminderapp/com.qrolic.reminderapp.activity.AddNewReminder}: Setting back callback null
07-03 13:13:08.292  1806  2296 D MIUIInput: [MotionEvent] publisher action=0x0, 150995653, channel 'f54dec com.qrolic.reminderapp/com.qrolic.reminderapp.activity.AddNewReminder (server)'
07-03 13:13:08.294  1806  4698 W InputManager-JNI: Input channel object '5312d8d com.qrolic.reminderapp/com.qrolic.reminderapp.activity.AddNewReminder (client)' was disposed without first being removed with the input manager!
07-03 13:13:08.388  1806  2296 D MIUIInput: [MotionEvent] publisher action=0x1, 150995750, channel 'f54dec com.qrolic.reminderapp/com.qrolic.reminderapp.activity.AddNewReminder (server)'
07-03 13:13:08.399  1806  4698 D PerfShielderService: com.qrolic.reminderapp|com.qrolic.reminderapp/com.qrolic.reminderapp.activity.AddNewReminder|2332|150993252400732|1135|3|4
07-03 13:13:08.399  5267 16939 W MiuiPerfServiceClient: interceptAndQueuing:28638|com.qrolic.reminderapp|2332|1135|150993252400732|Slow handle traversal|4
07-03 13:13:08.486  1806  5268 D CoreBackPreview: Window{f54dec u0 com.qrolic.reminderapp/com.qrolic.reminderapp.activity.AddNewReminder}: Setting back callback null
07-03 13:13:08.538  1806  5268 W InputManager-JNI: Input channel object 'f54dec com.qrolic.reminderapp/com.qrolic.reminderapp.activity.AddNewReminder (client)' was disposed without first being removed with the input manager!
07-03 13:13:08.541  1806  5268 D WindowManager: wms.Input focus has changed to Window{7d7b8f8 u0 com.qrolic.reminderapp/com.qrolic.reminderapp.activity.AddNewReminder} display=0 updateInputWindows = false
07-03 13:13:08.554  1068  2175 I SurfaceFlinger: sf.setTransactionState focusRequest transactionId:7756711056586 frontWin:7d7b8f8 com.qrolic.reminderapp/com.qrolic.reminderapp.activity.AddNewReminder
07-03 13:13:08.564  1068  1740 D SurfaceFlinger: updateInputFlinger::setFocusedWindow: windowName=7d7b8f8 com.qrolic.reminderapp/com.qrolic.reminderapp.activity.AddNewReminder focusRequests.size=1
07-03 13:13:08.575  6185  6185 I GoogleInputMethodService: GoogleInputMethodService.onStartInput():1986 onStartInput(EditorInfo{EditorInfo{packageName=com.qrolic.reminderapp, inputType=20001, inputTypeString=Normal, enableLearning=true, autoCorrection=true, autoComplete=true, imeOptions=40000006, privateImeOptions=null, actionName=DONE, actionLabel=null, initialSelStart=7, initialSelEnd=7, initialCapsMode=0, label=null, fieldId=2131296436, fieldName=null, extras=Bundle[mParcelledData.dataSize=72], hintText=non-empty, hintLocales=[]}}, false)
07-03 13:13:09.109  1806  4698 D PerfShielderService: com.qrolic.reminderapp|com.qrolic.reminderapp/com.qrolic.reminderapp.activity.AddNewReminder|757|150995943523595|574|0|3
07-03 13:13:09.110  5267 16939 W MiuiPerfServiceClient: interceptAndQueuing:28638|com.qrolic.reminderapp|757|574|150995943523595|Slow main thread|3
07-03 13:13:12.930  1806  2296 D MIUIInput: [MotionEvent] publisher action=0x0, 151000290, channel '7d7b8f8 com.qrolic.reminderapp/com.qrolic.reminderapp.activity.AddNewReminder (server)'
07-03 13:13:13.011  1806  2296 D MIUIInput: [MotionEvent] publisher action=0x1, 151000373, channel '7d7b8f8 com.qrolic.reminderapp/com.qrolic.reminderapp.activity.AddNewReminder (server)'
07-03 13:13:17.180  1806  3981 W NotificationService: Toast already killed. pkg=com.qrolic.reminderapp token=android.os.BinderProxy@1ec175a
07-03 13:13:19.708  1806  2296 D MIUIInput: [MotionEvent] publisher action=0x0, 151007068, channel '7d7b8f8 com.qrolic.reminderapp/com.qrolic.reminderapp.activity.AddNewReminder (server)'
07-03 13:13:19.759  1806  2296 D MIUIInput: [MotionEvent] publisher action=0x1, 151007120, channel '7d7b8f8 com.qrolic.reminderapp/com.qrolic.reminderapp.activity.AddNewReminder (server)'
07-03 13:13:22.402  1806  2296 D MIUIInput: [MotionEvent] publisher action=0x0, 151009762, channel '7d7b8f8 com.qrolic.reminderapp/com.qrolic.reminderapp.activity.AddNewReminder (server)'
07-03 13:13:22.476  1806  2296 D MIUIInput: [MotionEvent] publisher action=0x1, 151009837, channel '7d7b8f8 com.qrolic.reminderapp/com.qrolic.reminderapp.activity.AddNewReminder (server)'
07-03 13:13:22.672 28638 28638 I ForceDarkHelperStubImpl: setViewRootImplForceDark: false for com.qrolic.reminderapp.activity.AddNewReminder@92c73d3, reason: AppDarkModeEnable
07-03 13:13:22.676  1806  2999 D WindowManager: wms.Input focus has changed to Window{b3932dc u0 com.qrolic.reminderapp/com.qrolic.reminderapp.activity.AddNewReminder} display=0 updateInputWindows = false
07-03 13:13:22.680  1806  2016 D WindowManager: wms.Focus not requested for window=Window{b3932dc u0 com.qrolic.reminderapp/com.qrolic.reminderapp.activity.AddNewReminder} because it has no surface or is not focusable.
07-03 13:13:22.680  1806  2999 D CoreBackPreview: Window{b3932dc u0 com.qrolic.reminderapp/com.qrolic.reminderapp.activity.AddNewReminder}: Setting back callback OnBackInvokedCallbackInfo{mCallback=android.window.IOnBackInvokedCallback$Stub$Proxy@61a5886, mPriority=0}
07-03 13:13:22.802  1806  2016 D WindowManager: wms.Update InputWindowHandle: b3932dc com.qrolic.reminderapp/com.qrolic.reminderapp.activity.AddNewReminder, frame=[0,0,0,0], touchableRegion=SkRegion((-89,-493,991,1907)), scaleFactor=1.0, transform=null, windowToken=android.os.BinderProxy@4b4ab4f, isClone=false, visibal=true, focusable=true, changed=true
07-03 13:13:22.807 28638 28638 I ForceDarkHelperStubImpl: setViewRootImplForceDark: false for com.qrolic.reminderapp.activity.AddNewReminder@92c73d3, reason: AppDarkModeEnable
07-03 13:13:22.810  1068  2176 I SurfaceFlinger: sf.setTransactionState focusRequest transactionId:7756711056662 frontWin:b3932dc com.qrolic.reminderapp/com.qrolic.reminderapp.activity.AddNewReminder
07-03 13:13:22.820  1068  1740 D SurfaceFlinger: updateInputFlinger::setFocusedWindow: windowName=b3932dc com.qrolic.reminderapp/com.qrolic.reminderapp.activity.AddNewReminder focusRequests.size=1
07-03 13:13:22.960  1806  3981 D WindowManager: wms.finishDrawingLocked: mDrawState=COMMIT_DRAW_PENDING Window{b3932dc u0 com.qrolic.reminderapp/com.qrolic.reminderapp.activity.AddNewReminder} in Surface(name=com.qrolic.reminderapp/com.qrolic.reminderapp.activity.AddNewReminder)/@0xeb70174
07-03 13:13:22.968  1806  2016 I WindowManager: wms.showSurfaceRobustly mWin:Window{b3932dc u0 com.qrolic.reminderapp/com.qrolic.reminderapp.activity.AddNewReminder}
07-03 13:13:22.971  1806  2016 D WindowManager: wms.Update InputWindowHandle: b3932dc com.qrolic.reminderapp/com.qrolic.reminderapp.activity.AddNewReminder, frame=[0,0,0,0], touchableRegion=SkRegion((-89,-493,991,1907)), scaleFactor=1.0, transform=null, windowToken=android.os.BinderProxy@4b4ab4f, isClone=false, visibal=true, focusable=true, changed=true
07-03 13:13:23.069  6185  6185 I GoogleInputMethodService: GoogleInputMethodService.onStartInput():1986 onStartInput(EditorInfo{EditorInfo{packageName=com.qrolic.reminderapp, inputType=0, inputTypeString=NULL, enableLearning=false, autoCorrection=false, autoComplete=false, imeOptions=0, privateImeOptions=null, actionName=UNSPECIFIED, actionLabel=null, initialSelStart=-1, initialSelEnd=-1, initialCapsMode=0, label=null, fieldId=-1, fieldName=null, extras=Bundle[mParcelledData.dataSize=72], hintText=null, hintLocales=[]}}, false)
07-03 13:13:23.136  1806  2016 D WindowManager: wms.Update InputWindowHandle: b3932dc com.qrolic.reminderapp/com.qrolic.reminderapp.activity.AddNewReminder, frame=[0,0,0,0], touchableRegion=SkRegion((-89,-493,991,1907)), scaleFactor=1.0, transform=null, windowToken=android.os.BinderProxy@4b4ab4f, isClone=false, visibal=true, focusable=true, changed=true
07-03 13:13:23.912  1806  3981 W NotificationService: Toast already killed. pkg=com.qrolic.reminderapp token=android.os.BinderProxy@4d7afa4
07-03 13:13:24.142  1806  2296 D MIUIInput: [KeyEvent] publisher action:0x0,  keyCode:4 , 151011436,channel 'b3932dc com.qrolic.reminderapp/com.qrolic.reminderapp.activity.AddNewReminder (server)' 
07-03 13:13:24.147 28638 28638 D MIUIInput: [KeyEvent] ViewRootImpl windowName 'com.qrolic.reminderapp/com.qrolic.reminderapp.activity.AddNewReminder', KeyEvent { action=ACTION_DOWN, keyCode=KEYCODE_BACK, scanCode=0, metaState=0, flags=0x48, repeatCount=0, eventTime=151011436000000, downTime=151011436000000, deviceId=-1, source=0x101, displayId=0 }, phoneEventTime=13:13:24.073
07-03 13:13:24.149  1806  2296 D MIUIInput: [KeyEvent] publisher action:0x1,  keyCode:4 , 151011499,channel 'b3932dc com.qrolic.reminderapp/com.qrolic.reminderapp.activity.AddNewReminder (server)' 
07-03 13:13:24.153 28638 28638 D MIUIInput: [KeyEvent] ViewRootImpl windowName 'com.qrolic.reminderapp/com.qrolic.reminderapp.activity.AddNewReminder', KeyEvent { action=ACTION_UP, keyCode=KEYCODE_BACK, scanCode=0, metaState=0, flags=0x48, repeatCount=0, eventTime=151011499000000, downTime=151011436000000, deviceId=-1, source=0x101, displayId=0 }, phoneEventTime=13:13:24.137
07-03 13:13:24.155  1806  3981 D CoreBackPreview: Window{b3932dc u0 com.qrolic.reminderapp/com.qrolic.reminderapp.activity.AddNewReminder}: Setting back callback null
07-03 13:13:24.182  1806  3981 W InputManager-JNI: Input channel object 'b3932dc com.qrolic.reminderapp/com.qrolic.reminderapp.activity.AddNewReminder (client)' was disposed without first being removed with the input manager!
07-03 13:13:24.185  1806  3981 D WindowManager: wms.Input focus has changed to Window{7d7b8f8 u0 com.qrolic.reminderapp/com.qrolic.reminderapp.activity.AddNewReminder} display=0 updateInputWindows = false
07-03 13:13:24.202  1068  1180 I SurfaceFlinger: sf.setTransactionState focusRequest transactionId:7756711056701 frontWin:7d7b8f8 com.qrolic.reminderapp/com.qrolic.reminderapp.activity.AddNewReminder
07-03 13:13:24.212  1068  1740 D SurfaceFlinger: updateInputFlinger::setFocusedWindow: windowName=7d7b8f8 com.qrolic.reminderapp/com.qrolic.reminderapp.activity.AddNewReminder focusRequests.size=1
07-03 13:13:24.224  6185  6185 I GoogleInputMethodService: GoogleInputMethodService.onStartInput():1986 onStartInput(EditorInfo{EditorInfo{packageName=com.qrolic.reminderapp, inputType=20001, inputTypeString=Normal, enableLearning=true, autoCorrection=true, autoComplete=true, imeOptions=40000006, privateImeOptions=null, actionName=DONE, actionLabel=null, initialSelStart=7, initialSelEnd=7, initialCapsMode=0, label=null, fieldId=2131296436, fieldName=null, extras=Bundle[mParcelledData.dataSize=72], hintText=non-empty, hintLocales=[]}}, false)
07-03 13:13:24.233  1806  2999 D PerfShielderService: com.qrolic.reminderapp|com.qrolic.reminderapp/com.qrolic.reminderapp.activity.AddNewReminder|462|151010517777079|344|0|8
07-03 13:13:24.233  5267 16939 W MiuiPerfServiceClient: interceptAndQueuing:28638|com.qrolic.reminderapp|462|344|151010517777079|Slow main thread|8
07-03 13:13:24.706  1806  2296 D MIUIInput: [MotionEvent] publisher action=0x0, 151012067, channel '7d7b8f8 com.qrolic.reminderapp/com.qrolic.reminderapp.activity.AddNewReminder (server)'
07-03 13:13:24.748  1806  2296 D MIUIInput: [MotionEvent] publisher action=0x1, 151012110, channel '7d7b8f8 com.qrolic.reminderapp/com.qrolic.reminderapp.activity.AddNewReminder (server)'
07-03 13:13:24.837 28638 28638 I ForceDarkHelperStubImpl: setViewRootImplForceDark: false for com.qrolic.reminderapp.activity.AddNewReminder@92c73d3, reason: AppDarkModeEnable
07-03 13:13:24.841  1806  2999 D WindowManager: wms.Input focus has changed to Window{52c0ac3 u0 com.qrolic.reminderapp/com.qrolic.reminderapp.activity.AddNewReminder} display=0 updateInputWindows = false
07-03 13:13:24.842  1806  2016 D WindowManager: wms.Focus not requested for window=Window{52c0ac3 u0 com.qrolic.reminderapp/com.qrolic.reminderapp.activity.AddNewReminder} because it has no surface or is not focusable.
07-03 13:13:24.844  1806  2999 D CoreBackPreview: Window{52c0ac3 u0 com.qrolic.reminderapp/com.qrolic.reminderapp.activity.AddNewReminder}: Setting back callback OnBackInvokedCallbackInfo{mCallback=android.window.IOnBackInvokedCallback$Stub$Proxy@a31d935, mPriority=0}
07-03 13:13:25.294  1806  2016 D WindowManager: wms.Update InputWindowHandle: 52c0ac3 com.qrolic.reminderapp/com.qrolic.reminderapp.activity.AddNewReminder, frame=[0,0,0,0], touchableRegion=SkRegion((-45,-433,1035,1967)), scaleFactor=1.0, transform=null, windowToken=android.os.BinderProxy@5a3e672, isClone=false, visibal=true, focusable=true, changed=true
07-03 13:13:25.303 28638 28638 I ForceDarkHelperStubImpl: setViewRootImplForceDark: false for com.qrolic.reminderapp.activity.AddNewReminder@92c73d3, reason: AppDarkModeEnable
07-03 13:13:25.305  1068  2175 I SurfaceFlinger: sf.setTransactionState focusRequest transactionId:7756711056732 frontWin:52c0ac3 com.qrolic.reminderapp/com.qrolic.reminderapp.activity.AddNewReminder
07-03 13:13:25.315  1068  1740 D SurfaceFlinger: updateInputFlinger::setFocusedWindow: windowName=52c0ac3 com.qrolic.reminderapp/com.qrolic.reminderapp.activity.AddNewReminder focusRequests.size=1
07-03 13:13:25.534  1806  2999 D WindowManager: wms.finishDrawingLocked: mDrawState=COMMIT_DRAW_PENDING Window{52c0ac3 u0 com.qrolic.reminderapp/com.qrolic.reminderapp.activity.AddNewReminder} in Surface(name=com.qrolic.reminderapp/com.qrolic.reminderapp.activity.AddNewReminder)/@0xb65d1ca
07-03 13:13:25.535  1806  2296 D MIUIInput: [MotionEvent] publisher action=0x0, 151012896, channel '7d7b8f8 com.qrolic.reminderapp/com.qrolic.reminderapp.activity.AddNewReminder (server)'
07-03 13:13:25.542  1806  2016 I WindowManager: wms.showSurfaceRobustly mWin:Window{52c0ac3 u0 com.qrolic.reminderapp/com.qrolic.reminderapp.activity.AddNewReminder}
07-03 13:13:25.545  1806  2016 D WindowManager: wms.Update InputWindowHandle: 52c0ac3 com.qrolic.reminderapp/com.qrolic.reminderapp.activity.AddNewReminder, frame=[0,0,0,0], touchableRegion=SkRegion((-45,-433,1035,1967)), scaleFactor=1.0, transform=null, windowToken=android.os.BinderProxy@5a3e672, isClone=false, visibal=true, focusable=true, changed=true
07-03 13:13:25.607  1806  2296 D MIUIInput: [MotionEvent] publisher action=0x1, 151012969, channel '7d7b8f8 com.qrolic.reminderapp/com.qrolic.reminderapp.activity.AddNewReminder (server)'
07-03 13:13:25.709  1806  2016 D WindowManager: wms.Update InputWindowHandle: 52c0ac3 com.qrolic.reminderapp/com.qrolic.reminderapp.activity.AddNewReminder, frame=[0,0,0,0], touchableRegion=SkRegion((-45,-433,1035,1967)), scaleFactor=1.0, transform=null, windowToken=android.os.BinderProxy@5a3e672, isClone=false, visibal=true, focusable=true, changed=true
07-03 13:13:26.375 28638 28638 W InputTransport: PerfMonitor: 768ms so far, channel '7d7b8f8 com.qrolic.reminderapp/com.qrolic.reminderapp.activity.AddNewReminder (client)' consumer ~ consumed montion event,seq=417549
07-03 13:13:26.491  6185  6185 I GoogleInputMethodService: GoogleInputMethodService.onStartInput():1986 onStartInput(EditorInfo{EditorInfo{packageName=com.qrolic.reminderapp, inputType=0, inputTypeString=NULL, enableLearning=false, autoCorrection=false, autoComplete=false, imeOptions=0, privateImeOptions=null, actionName=UNSPECIFIED, actionLabel=null, initialSelStart=-1, initialSelEnd=-1, initialCapsMode=0, label=null, fieldId=-1, fieldName=null, extras=Bundle[mParcelledData.dataSize=72], hintText=null, hintLocales=[]}}, false)
07-03 13:13:26.631 28638 28638 I ForceDarkHelperStubImpl: setViewRootImplForceDark: false for com.qrolic.reminderapp.activity.AddNewReminder@92c73d3, reason: AppDarkModeEnable
07-03 13:13:26.635  1806  6279 D WindowManager: wms.Input focus has changed to Window{22dbf0f u0 com.qrolic.reminderapp/com.qrolic.reminderapp.activity.AddNewReminder} display=0 updateInputWindows = false
07-03 13:13:26.637  1806  2016 D WindowManager: wms.Focus not requested for window=Window{22dbf0f u0 com.qrolic.reminderapp/com.qrolic.reminderapp.activity.AddNewReminder} because it has no surface or is not focusable.
07-03 13:13:26.639  1806  6279 D CoreBackPreview: Window{22dbf0f u0 com.qrolic.reminderapp/com.qrolic.reminderapp.activity.AddNewReminder}: Setting back callback OnBackInvokedCallbackInfo{mCallback=android.window.IOnBackInvokedCallback$Stub$Proxy@a700b21, mPriority=0}
07-03 13:13:26.731  1806  2296 D MIUIInput: [MotionEvent] publisher action=0x0, 151014092, channel '52c0ac3 com.qrolic.reminderapp/com.qrolic.reminderapp.activity.AddNewReminder (server)'
07-03 13:13:26.798  1806  2296 D MIUIInput: [MotionEvent] publisher action=0x1, 151014160, channel '52c0ac3 com.qrolic.reminderapp/com.qrolic.reminderapp.activity.AddNewReminder (server)'
07-03 13:13:27.178  1806  2016 D WindowManager: wms.Update InputWindowHandle: 22dbf0f com.qrolic.reminderapp/com.qrolic.reminderapp.activity.AddNewReminder, frame=[0,0,0,0], touchableRegion=SkRegion((-45,-433,1035,1967)), scaleFactor=1.0, transform=null, windowToken=android.os.BinderProxy@abdcc6e, isClone=false, visibal=true, focusable=true, changed=true
07-03 13:13:27.179  1068  2175 I SurfaceFlinger: sf.setTransactionState focusRequest transactionId:7756711056770 frontWin:22dbf0f com.qrolic.reminderapp/com.qrolic.reminderapp.activity.AddNewReminder
07-03 13:13:27.184 28638 28638 I ForceDarkHelperStubImpl: setViewRootImplForceDark: false for com.qrolic.reminderapp.activity.AddNewReminder@92c73d3, reason: AppDarkModeEnable
07-03 13:13:27.187  1068  1740 D SurfaceFlinger: updateInputFlinger::setFocusedWindow: windowName=22dbf0f com.qrolic.reminderapp/com.qrolic.reminderapp.activity.AddNewReminder focusRequests.size=1
07-03 13:13:27.416  1806  2296 D MIUIInput: [MotionEvent] publisher action=0x0, 151014778, channel '52c0ac3 com.qrolic.reminderapp/com.qrolic.reminderapp.activity.AddNewReminder (server)'
07-03 13:13:27.421 28638 28638 W InputTransport: PerfMonitor: 692ms so far, channel '52c0ac3 com.qrolic.reminderapp/com.qrolic.reminderapp.activity.AddNewReminder (client)' consumer ~ consumed montion event,seq=417553
07-03 13:13:27.424 28638 28638 W InputTransport: PerfMonitor: 627ms so far, channel '52c0ac3 com.qrolic.reminderapp/com.qrolic.reminderapp.activity.AddNewReminder (client)' consumer ~ consumed montion event,seq=417565
07-03 13:13:27.444  1806  2999 D WindowManager: wms.finishDrawingLocked: mDrawState=COMMIT_DRAW_PENDING Window{22dbf0f u0 com.qrolic.reminderapp/com.qrolic.reminderapp.activity.AddNewReminder} in Surface(name=com.qrolic.reminderapp/com.qrolic.reminderapp.activity.AddNewReminder)/@0x19efb46
07-03 13:13:27.450  1806  2016 I WindowManager: wms.showSurfaceRobustly mWin:Window{22dbf0f u0 com.qrolic.reminderapp/com.qrolic.reminderapp.activity.AddNewReminder}
07-03 13:13:27.452  1806  2016 D WindowManager: wms.Update InputWindowHandle: 22dbf0f com.qrolic.reminderapp/com.qrolic.reminderapp.activity.AddNewReminder, frame=[0,0,0,0], touchableRegion=SkRegion((-45,-433,1035,1967)), scaleFactor=1.0, transform=null, windowToken=android.os.BinderProxy@abdcc6e, isClone=false, visibal=true, focusable=true, changed=true
07-03 13:13:27.506  1806  2296 D MIUIInput: [MotionEvent] publisher action=0x1, 151014868, channel '52c0ac3 com.qrolic.reminderapp/com.qrolic.reminderapp.activity.AddNewReminder (server)'
07-03 13:13:27.613  1806  2016 D WindowManager: wms.Update InputWindowHandle: 22dbf0f com.qrolic.reminderapp/com.qrolic.reminderapp.activity.AddNewReminder, frame=[0,0,0,0], touchableRegion=SkRegion((-45,-433,1035,1967)), scaleFactor=1.0, transform=null, windowToken=android.os.BinderProxy@abdcc6e, isClone=false, visibal=true, focusable=true, changed=true
07-03 13:13:28.076  1806  2296 D MIUIInput: [MotionEvent] publisher action=0x0, 151015437, channel '22dbf0f com.qrolic.reminderapp/com.qrolic.reminderapp.activity.AddNewReminder (server)'
07-03 13:13:28.154  1806  2296 D MIUIInput: [MotionEvent] publisher action=0x1, 151015516, channel '22dbf0f com.qrolic.reminderapp/com.qrolic.reminderapp.activity.AddNewReminder (server)'
