07-03 13:13:28.381 28638 28638 W InputTransport: PerfMonitor: 306ms so far, channel '22dbf0f com.qrolic.reminderapp/com.qrolic.reminderapp.activity.AddNewReminder (client)' consumer ~ consumed montion event,seq=417587
07-03 13:13:28.400  6185  6185 I GoogleInputMethodService: GoogleInputMethodService.onStartInput():1986 onStartInput(EditorInfo{EditorInfo{packageName=com.qrolic.reminderapp, inputType=0, inputTypeString=NULL, enableLearning=false, autoCorrection=false, autoComplete=false, imeOptions=0, privateImeOptions=null, actionName=UNSPECIFIED, actionLabel=null, initialSelStart=-1, initialSelEnd=-1, initialCapsMode=0, label=null, fieldId=-1, fieldName=null, extras=Bundle[mParcelledData.dataSize=72], hintText=null, hintLocales=[]}}, false)
07-03 13:13:28.402 28638 28638 W InputTransport: PerfMonitor: 249ms so far, channel '22dbf0f com.qrolic.reminderapp/com.qrolic.reminderapp.activity.AddNewReminder (client)' consumer ~ consumed montion event,seq=417617
07-03 13:13:28.404 28638 28638 W InputTransport: PerfMonitor: 898ms so far, channel '52c0ac3 com.qrolic.reminderapp/com.qrolic.reminderapp.activity.AddNewReminder (client)' consumer ~ consumed montion event,seq=417583
07-03 13:13:28.997  1806  2296 D MIUIInput: [MotionEvent] publisher action=0x0, 151016358, channel '22dbf0f com.qrolic.reminderapp/com.qrolic.reminderapp.activity.AddNewReminder (server)'
07-03 13:13:29.203  1806  2296 D MIUIInput: [MotionEvent] publisher action=0x1, 151016565, channel '22dbf0f com.qrolic.reminderapp/com.qrolic.reminderapp.activity.AddNewReminder (server)'
07-03 13:13:29.561 28638 28638 W InputTransport: PerfMonitor: 565ms so far, channel '22dbf0f com.qrolic.reminderapp/com.qrolic.reminderapp.activity.AddNewReminder (client)' consumer ~ consumed montion event,seq=417621
07-03 13:13:29.569 28638 28638 W InputTransport: PerfMonitor: 366ms so far, channel '22dbf0f com.qrolic.reminderapp/com.qrolic.reminderapp.activity.AddNewReminder (client)' consumer ~ consumed montion event,seq=417711
07-03 13:13:29.710  1806  2296 D MIUIInput: [MotionEvent] publisher action=0x0, 151017071, channel '22dbf0f com.qrolic.reminderapp/com.qrolic.reminderapp.activity.AddNewReminder (server)'
07-03 13:13:29.774  1806  2296 D MIUIInput: [MotionEvent] publisher action=0x1, 151017136, channel '22dbf0f com.qrolic.reminderapp/com.qrolic.reminderapp.activity.AddNewReminder (server)'
07-03 13:13:30.448  1806  2999 D PerfShielderService: com.qrolic.reminderapp|com.qrolic.reminderapp/com.qrolic.reminderapp.activity.AddNewReminder|232|151017560420097|110|3|6
07-03 13:13:30.449  5267 16939 W MiuiPerfServiceClient: interceptAndQueuing:28638|com.qrolic.reminderapp|232|110|151017560420097|Slow handle traversal|6
07-03 13:13:30.456  1806  2296 D MIUIInput: [MotionEvent] publisher action=0x0, 151017818, channel '22dbf0f com.qrolic.reminderapp/com.qrolic.reminderapp.activity.AddNewReminder (server)'
07-03 13:13:30.552  1806  2296 D MIUIInput: [MotionEvent] publisher action=0x1, 151017913, channel '22dbf0f com.qrolic.reminderapp/com.qrolic.reminderapp.activity.AddNewReminder (server)'
07-03 13:13:32.011  1806  2296 D MIUIInput: [MotionEvent] publisher action=0x0, 151019373, channel '22dbf0f com.qrolic.reminderapp/com.qrolic.reminderapp.activity.AddNewReminder (server)'
07-03 13:13:32.091  1806  2296 D MIUIInput: [MotionEvent] publisher action=0x1, 151019453, channel '22dbf0f com.qrolic.reminderapp/com.qrolic.reminderapp.activity.AddNewReminder (server)'
07-03 13:13:32.097  1806  2999 D CoreBackPreview: Window{22dbf0f u0 com.qrolic.reminderapp/com.qrolic.reminderapp.activity.AddNewReminder}: Setting back callback null
07-03 13:13:32.154  1806  2999 W InputManager-JNI: Input channel object '22dbf0f com.qrolic.reminderapp/com.qrolic.reminderapp.activity.AddNewReminder (client)' was disposed without first being removed with the input manager!
07-03 13:13:32.158  1806  2999 D WindowManager: wms.Input focus has changed to Window{52c0ac3 u0 com.qrolic.reminderapp/com.qrolic.reminderapp.activity.AddNewReminder} display=0 updateInputWindows = false
07-03 13:13:32.167  1068  1179 I SurfaceFlinger: sf.setTransactionState focusRequest transactionId:7756711056801 frontWin:52c0ac3 com.qrolic.reminderapp/com.qrolic.reminderapp.activity.AddNewReminder
07-03 13:13:32.171  1806  2999 D PerfShielderService: com.qrolic.reminderapp|com.qrolic.reminderapp/com.qrolic.reminderapp.activity.AddNewReminder|1674|151013945045359|1466|3|3
07-03 13:13:32.172  5267 16939 W MiuiPerfServiceClient: interceptAndQueuing:28638|com.qrolic.reminderapp|1674|1466|151013945045359|Slow handle traversal|3
07-03 13:13:32.177  1068  1740 D SurfaceFlinger: updateInputFlinger::setFocusedWindow: windowName=52c0ac3 com.qrolic.reminderapp/com.qrolic.reminderapp.activity.AddNewReminder focusRequests.size=1
07-03 13:13:32.198  6185  6185 I GoogleInputMethodService: GoogleInputMethodService.onStartInput():1986 onStartInput(EditorInfo{EditorInfo{packageName=com.qrolic.reminderapp, inputType=0, inputTypeString=NULL, enableLearning=false, autoCorrection=false, autoComplete=false, imeOptions=0, privateImeOptions=null, actionName=UNSPECIFIED, actionLabel=null, initialSelStart=-1, initialSelEnd=-1, initialCapsMode=0, label=null, fieldId=-1, fieldName=null, extras=Bundle[mParcelledData.dataSize=72], hintText=null, hintLocales=[]}}, false)
07-03 13:13:32.286  1806  2999 D PerfShielderService: com.qrolic.reminderapp|com.qrolic.reminderapp/com.qrolic.reminderapp.activity.AddNewReminder|138|151018067421920|93|0|3
07-03 13:13:32.287  5267 16939 W MiuiPerfServiceClient: interceptAndQueuing:28638|com.qrolic.reminderapp|138|93|151018067421920|Slow main thread|3
07-03 13:13:32.806  1806  2296 D MIUIInput: [MotionEvent] publisher action=0x0, 151020167, channel '52c0ac3 com.qrolic.reminderapp/com.qrolic.reminderapp.activity.AddNewReminder (server)'
07-03 13:13:32.835  1806  4698 D PerfShielderService: com.qrolic.reminderapp|com.qrolic.reminderapp/com.qrolic.reminderapp.activity.AddNewReminder|305|151019860765305|92|2|4
07-03 13:13:32.836  5267 16939 W MiuiPerfServiceClient: interceptAndQueuing:28638|com.qrolic.reminderapp|305|92|151019860765305|Slow handle animation|4
07-03 13:13:32.886  1806  2296 D MIUIInput: [MotionEvent] publisher action=0x1, 151020247, channel '52c0ac3 com.qrolic.reminderapp/com.qrolic.reminderapp.activity.AddNewReminder (server)'
07-03 13:13:32.893  1806  4698 D CoreBackPreview: Window{52c0ac3 u0 com.qrolic.reminderapp/com.qrolic.reminderapp.activity.AddNewReminder}: Setting back callback null
07-03 13:13:32.963  1806  4698 W InputManager-JNI: Input channel object '52c0ac3 com.qrolic.reminderapp/com.qrolic.reminderapp.activity.AddNewReminder (client)' was disposed without first being removed with the input manager!
07-03 13:13:32.976  1806  4698 D WindowManager: wms.Input focus has changed to Window{7d7b8f8 u0 com.qrolic.reminderapp/com.qrolic.reminderapp.activity.AddNewReminder} display=0 updateInputWindows = false
07-03 13:13:33.001  1068  2176 I SurfaceFlinger: sf.setTransactionState focusRequest transactionId:7756711056829 frontWin:7d7b8f8 com.qrolic.reminderapp/com.qrolic.reminderapp.activity.AddNewReminder
07-03 13:13:33.012  1068  1740 D SurfaceFlinger: updateInputFlinger::setFocusedWindow: windowName=7d7b8f8 com.qrolic.reminderapp/com.qrolic.reminderapp.activity.AddNewReminder focusRequests.size=1
07-03 13:13:33.024  6185  6185 I GoogleInputMethodService: GoogleInputMethodService.onStartInput():1986 onStartInput(EditorInfo{EditorInfo{packageName=com.qrolic.reminderapp, inputType=20001, inputTypeString=Normal, enableLearning=true, autoCorrection=true, autoComplete=true, imeOptions=40000006, privateImeOptions=null, actionName=DONE, actionLabel=null, initialSelStart=7, initialSelEnd=7, initialCapsMode=0, label=null, fieldId=2131296436, fieldName=null, extras=Bundle[mParcelledData.dataSize=72], hintText=non-empty, hintLocales=[]}}, false)
07-03 13:13:33.556  1806  3981 D PerfShielderService: com.qrolic.reminderapp|com.qrolic.reminderapp/com.qrolic.reminderapp.activity.AddNewReminder|137|151020394300669|104|0|2
07-03 13:13:33.558  5267 16939 W MiuiPerfServiceClient: interceptAndQueuing:28638|com.qrolic.reminderapp|137|104|151020394300669|Slow main thread|2
07-03 13:13:36.068  1806  2296 D MIUIInput: [MotionEvent] publisher action=0x0, 151023429, channel '7d7b8f8 com.qrolic.reminderapp/com.qrolic.reminderapp.activity.AddNewReminder (server)'
07-03 13:13:36.139  1806  2296 D MIUIInput: [MotionEvent] publisher action=0x1, 151023500, channel '7d7b8f8 com.qrolic.reminderapp/com.qrolic.reminderapp.activity.AddNewReminder (server)'
07-03 13:13:36.221 28638 28638 I ForceDarkHelperStubImpl: setViewRootImplForceDark: false for com.qrolic.reminderapp.activity.AddNewReminder@92c73d3, reason: AppDarkModeEnable
07-03 13:13:36.226  1806  3981 D WindowManager: wms.Input focus has changed to Window{3a7588a u0 com.qrolic.reminderapp/com.qrolic.reminderapp.activity.AddNewReminder} display=0 updateInputWindows = false
07-03 13:13:36.228  1806  2016 D WindowManager: wms.Focus not requested for window=Window{3a7588a u0 com.qrolic.reminderapp/com.qrolic.reminderapp.activity.AddNewReminder} because it has no surface or is not focusable.
07-03 13:13:36.230  1806  3981 D CoreBackPreview: Window{3a7588a u0 com.qrolic.reminderapp/com.qrolic.reminderapp.activity.AddNewReminder}: Setting back callback OnBackInvokedCallbackInfo{mCallback=android.window.IOnBackInvokedCallback$Stub$Proxy@39320c4, mPriority=0}
07-03 13:13:36.662  1806  2016 D WindowManager: wms.Update InputWindowHandle: 3a7588a com.qrolic.reminderapp/com.qrolic.reminderapp.activity.AddNewReminder, frame=[0,0,0,0], touchableRegion=SkRegion((-45,-433,1035,1967)), scaleFactor=1.0, transform=null, windowToken=android.os.BinderProxy@37e42f5, isClone=false, visibal=true, focusable=true, changed=true
07-03 13:13:36.666  1068  2175 I SurfaceFlinger: sf.setTransactionState focusRequest transactionId:7756711056860 frontWin:3a7588a com.qrolic.reminderapp/com.qrolic.reminderapp.activity.AddNewReminder
07-03 13:13:36.669 28638 28638 I ForceDarkHelperStubImpl: setViewRootImplForceDark: false for com.qrolic.reminderapp.activity.AddNewReminder@92c73d3, reason: AppDarkModeEnable
07-03 13:13:36.677  1068  1740 D SurfaceFlinger: updateInputFlinger::setFocusedWindow: windowName=3a7588a com.qrolic.reminderapp/com.qrolic.reminderapp.activity.AddNewReminder focusRequests.size=1
07-03 13:13:36.891  1806  3981 D WindowManager: wms.finishDrawingLocked: mDrawState=COMMIT_DRAW_PENDING Window{3a7588a u0 com.qrolic.reminderapp/com.qrolic.reminderapp.activity.AddNewReminder} in Surface(name=com.qrolic.reminderapp/com.qrolic.reminderapp.activity.AddNewReminder)/@0x538dbad
07-03 13:13:36.897  1806  2016 I WindowManager: wms.showSurfaceRobustly mWin:Window{3a7588a u0 com.qrolic.reminderapp/com.qrolic.reminderapp.activity.AddNewReminder}
07-03 13:13:36.901  1806  2016 D WindowManager: wms.Update InputWindowHandle: 3a7588a com.qrolic.reminderapp/com.qrolic.reminderapp.activity.AddNewReminder, frame=[0,0,0,0], touchableRegion=SkRegion((-45,-433,1035,1967)), scaleFactor=1.0, transform=null, windowToken=android.os.BinderProxy@37e42f5, isClone=false, visibal=true, focusable=true, changed=true
07-03 13:13:36.931  1806  2296 D MIUIInput: [MotionEvent] publisher action=0x0, 151024292, channel '3a7588a com.qrolic.reminderapp/com.qrolic.reminderapp.activity.AddNewReminder (server)'
07-03 13:13:37.033  1806  2296 D MIUIInput: [MotionEvent] publisher action=0x1, 151024395, channel '3a7588a com.qrolic.reminderapp/com.qrolic.reminderapp.activity.AddNewReminder (server)'
07-03 13:13:37.058  1806  2016 D WindowManager: wms.Update InputWindowHandle: 3a7588a com.qrolic.reminderapp/com.qrolic.reminderapp.activity.AddNewReminder, frame=[0,0,0,0], touchableRegion=SkRegion((-45,-433,1035,1967)), scaleFactor=1.0, transform=null, windowToken=android.os.BinderProxy@37e42f5, isClone=false, visibal=true, focusable=true, changed=true
07-03 13:13:37.707 28638 28638 W InputTransport: PerfMonitor: 778ms so far, channel '3a7588a com.qrolic.reminderapp/com.qrolic.reminderapp.activity.AddNewReminder (client)' consumer ~ consumed montion event,seq=417850
07-03 13:13:37.727  6185  6185 I GoogleInputMethodService: GoogleInputMethodService.onStartInput():1986 onStartInput(EditorInfo{EditorInfo{packageName=com.qrolic.reminderapp, inputType=0, inputTypeString=NULL, enableLearning=false, autoCorrection=false, autoComplete=false, imeOptions=0, privateImeOptions=null, actionName=UNSPECIFIED, actionLabel=null, initialSelStart=-1, initialSelEnd=-1, initialCapsMode=0, label=null, fieldId=-1, fieldName=null, extras=Bundle[mParcelledData.dataSize=72], hintText=null, hintLocales=[]}}, false)
07-03 13:13:37.728 28638 28638 W InputTransport: PerfMonitor: 696ms so far, channel '3a7588a com.qrolic.reminderapp/com.qrolic.reminderapp.activity.AddNewReminder (client)' consumer ~ consumed montion event,seq=417859
07-03 13:13:38.068  1806  2296 D MIUIInput: [MotionEvent] publisher action=0x0, 151025430, channel '3a7588a com.qrolic.reminderapp/com.qrolic.reminderapp.activity.AddNewReminder (server)'
07-03 13:13:38.153  1806  2296 D MIUIInput: [MotionEvent] publisher action=0x1, 151025515, channel '3a7588a com.qrolic.reminderapp/com.qrolic.reminderapp.activity.AddNewReminder (server)'
07-03 13:13:38.386 28638 28638 W InputTransport: PerfMonitor: 319ms so far, channel '3a7588a com.qrolic.reminderapp/com.qrolic.reminderapp.activity.AddNewReminder (client)' consumer ~ consumed montion event,seq=417863
07-03 13:13:38.389 28638 28638 W InputTransport: PerfMonitor: 237ms so far, channel '3a7588a com.qrolic.reminderapp/com.qrolic.reminderapp.activity.AddNewReminder (client)' consumer ~ consumed montion event,seq=417869
07-03 13:13:39.873  1806  2296 D MIUIInput: [MotionEvent] publisher action=0x0, 151027234, channel '3a7588a com.qrolic.reminderapp/com.qrolic.reminderapp.activity.AddNewReminder (server)'
07-03 13:13:40.019  1806  2296 D MIUIInput: [MotionEvent] publisher action=0x1, 151027381, channel '3a7588a com.qrolic.reminderapp/com.qrolic.reminderapp.activity.AddNewReminder (server)'
07-03 13:13:40.273 28638 28638 W InputTransport: PerfMonitor: 254ms so far, channel '3a7588a com.qrolic.reminderapp/com.qrolic.reminderapp.activity.AddNewReminder (client)' consumer ~ consumed montion event,seq=417912
07-03 13:13:40.469  1806  2296 D MIUIInput: [MotionEvent] publisher action=0x0, 151027830, channel '3a7588a com.qrolic.reminderapp/com.qrolic.reminderapp.activity.AddNewReminder (server)'
07-03 13:13:40.552  1806  2296 D MIUIInput: [MotionEvent] publisher action=0x1, 151027914, channel '3a7588a com.qrolic.reminderapp/com.qrolic.reminderapp.activity.AddNewReminder (server)'
07-03 13:13:40.717  8619  9485 D collectorManager: ThermalScenarioValue setForegroundCounts: com.qrolic.reminderapp
07-03 13:13:41.250  1806  2296 D MIUIInput: [MotionEvent] publisher action=0x0, 151028611, channel '3a7588a com.qrolic.reminderapp/com.qrolic.reminderapp.activity.AddNewReminder (server)'
07-03 13:13:41.308  1806  2296 D MIUIInput: [MotionEvent] publisher action=0x1, 151028670, channel '3a7588a com.qrolic.reminderapp/com.qrolic.reminderapp.activity.AddNewReminder (server)'
07-03 13:13:41.889  1806  3981 D PerfShielderService: com.qrolic.reminderapp|com.qrolic.reminderapp/com.qrolic.reminderapp.activity.AddNewReminder|561|151027901733791|319|1|6
07-03 13:13:41.890  5267 16939 W MiuiPerfServiceClient: interceptAndQueuing:28638|com.qrolic.reminderapp|561|319|151027901733791|Slow handle input|6
07-03 13:13:42.598  1806  2296 D MIUIInput: [MotionEvent] publisher action=0x0, 151029959, channel '3a7588a com.qrolic.reminderapp/com.qrolic.reminderapp.activity.AddNewReminder (server)'
07-03 13:13:42.689  1806  2296 D MIUIInput: [MotionEvent] publisher action=0x1, 151030051, channel '3a7588a com.qrolic.reminderapp/com.qrolic.reminderapp.activity.AddNewReminder (server)'
07-03 13:13:43.880  1806  2296 D MIUIInput: [MotionEvent] publisher action=0x0, 151031241, channel '3a7588a com.qrolic.reminderapp/com.qrolic.reminderapp.activity.AddNewReminder (server)'
07-03 13:13:43.997  1806  2296 D MIUIInput: [MotionEvent] publisher action=0x1, 151031359, channel '3a7588a com.qrolic.reminderapp/com.qrolic.reminderapp.activity.AddNewReminder (server)'
07-03 13:13:44.003  1806  6279 D CoreBackPreview: Window{3a7588a u0 com.qrolic.reminderapp/com.qrolic.reminderapp.activity.AddNewReminder}: Setting back callback null
07-03 13:13:44.073  1806  6279 W InputManager-JNI: Input channel object '3a7588a com.qrolic.reminderapp/com.qrolic.reminderapp.activity.AddNewReminder (client)' was disposed without first being removed with the input manager!
07-03 13:13:44.076  1806  6279 D WindowManager: wms.Input focus has changed to Window{7d7b8f8 u0 com.qrolic.reminderapp/com.qrolic.reminderapp.activity.AddNewReminder} display=0 updateInputWindows = false
07-03 13:13:44.087  1068  2177 I SurfaceFlinger: sf.setTransactionState focusRequest transactionId:7756711056892 frontWin:7d7b8f8 com.qrolic.reminderapp/com.qrolic.reminderapp.activity.AddNewReminder
07-03 13:13:44.089  1806  6279 D PerfShielderService: com.qrolic.reminderapp|com.qrolic.reminderapp/com.qrolic.reminderapp.activity.AddNewReminder|1484|151025750602646|934|0|4
07-03 13:13:44.090  5267 16939 W MiuiPerfServiceClient: interceptAndQueuing:28638|com.qrolic.reminderapp|1484|934|151025750602646|Slow main thread|4
07-03 13:13:44.094  1068  1740 D SurfaceFlinger: updateInputFlinger::setFocusedWindow: windowName=7d7b8f8 com.qrolic.reminderapp/com.qrolic.reminderapp.activity.AddNewReminder focusRequests.size=1
07-03 13:13:44.111  6185  6185 I GoogleInputMethodService: GoogleInputMethodService.onStartInput():1986 onStartInput(EditorInfo{EditorInfo{packageName=com.qrolic.reminderapp, inputType=20001, inputTypeString=Normal, enableLearning=true, autoCorrection=true, autoComplete=true, imeOptions=40000006, privateImeOptions=null, actionName=DONE, actionLabel=null, initialSelStart=7, initialSelEnd=7, initialCapsMode=0, label=null, fieldId=2131296436, fieldName=null, extras=Bundle[mParcelledData.dataSize=72], hintText=non-empty, hintLocales=[]}}, false)
07-03 13:13:45.675  1806  2296 D MIUIInput: [MotionEvent] publisher action=0x0, 151033035, channel '7d7b8f8 com.qrolic.reminderapp/com.qrolic.reminderapp.activity.AddNewReminder (server)'
07-03 13:13:45.737  1806  2296 D MIUIInput: [MotionEvent] publisher action=0x1, 151033098, channel '7d7b8f8 com.qrolic.reminderapp/com.qrolic.reminderapp.activity.AddNewReminder (server)'
07-03 13:13:45.787  1806  2016 D WindowManager: wms.Focus not requested for window=Window{7d7b8f8 u0 com.qrolic.reminderapp/com.qrolic.reminderapp.activity.AddNewReminder} because it has no surface or is not focusable.
07-03 13:13:45.791  1806  3981 D PerfStubImpl: perfWarmLaunchBoost: com.qrolic.reminderapp, -1, 2
07-03 13:13:45.809 28638 28638 I ForceDarkHelperStubImpl: setViewRootImplForceDark: false for com.qrolic.reminderapp.activity.HomeActivity@a044ea6, reason: AppDarkModeEnable
07-03 13:13:45.812  1806  2466 D ProcessManager: skip notify foregroundAppInfo:ApplicationInfo{4571ca7 com.qrolic.reminderapp}
07-03 13:13:45.827  3035  3035 D RecentsImpl: mActivityStateObserver com.qrolic.reminderapp.activity.HomeActivity
07-03 13:13:45.828  3035  3035 W RecentsImpl: onResumed className=com.qrolic.reminderapp.activity.HomeActivity   mIsInAnotherPro=false   isKeyguardLocked=false   mSecuritySpaceGuideShown=false
07-03 13:13:45.839  1806  6279 D WindowManager: wms.Input focus has changed to Window{61bc9c0 u0 com.qrolic.reminderapp/com.qrolic.reminderapp.activity.HomeActivity} display=0 updateInputWindows = true
07-03 13:13:45.840  1806  2016 D WindowManager: wms.Update InputWindowHandle: 61bc9c0 com.qrolic.reminderapp/com.qrolic.reminderapp.activity.HomeActivity, frame=[0,0,0,0], touchableRegion=SkRegion((0,0,1080,2400)), scaleFactor=1.0, transform=null, windowToken=android.os.BinderProxy@3617f43, isClone=false, visibal=true, focusable=true, changed=true
07-03 13:13:45.843  1068  2177 I SurfaceFlinger: sf.setTransactionState focusRequest transactionId:7756711056934 frontWin:61bc9c0 com.qrolic.reminderapp/com.qrolic.reminderapp.activity.HomeActivity
07-03 13:13:45.854  1068  1740 D SurfaceFlinger: updateInputFlinger::setFocusedWindow: windowName=61bc9c0 com.qrolic.reminderapp/com.qrolic.reminderapp.activity.HomeActivity focusRequests.size=1
07-03 13:13:45.876  1806  4698 D WindowManager: wms.finishDrawingLocked: mDrawState=COMMIT_DRAW_PENDING Window{61bc9c0 u0 com.qrolic.reminderapp/com.qrolic.reminderapp.activity.HomeActivity} in Surface(name=com.qrolic.reminderapp/com.qrolic.reminderapp.activity.HomeActivity)/@0x922c8c0
07-03 13:13:45.885  1806  2016 I WindowManager: wms.showSurfaceRobustly mWin:Window{61bc9c0 u0 com.qrolic.reminderapp/com.qrolic.reminderapp.activity.HomeActivity}
07-03 13:13:45.907  2992  2992 D KeyguardEditorHelper: onTopActivityMayChanged, topActivity=ComponentInfo{com.qrolic.reminderapp/com.qrolic.reminderapp.activity.HomeActivity}; mState=IDEL
07-03 13:13:45.907  2992  2992 I FocusedNotifPromptContr: onTopActivityMayChanged: topActivity=com.qrolic.reminderapp
07-03 13:13:45.907  2992  2992 I FocusedNotifPromptContr: topActivityMayChanged: topActivity=com.qrolic.reminderapp
07-03 13:13:45.908  3035  3613 W RecentsModel: getRunningTask   taskInfo=TaskInfo{userId=0 taskId=32830 displayId=0 isRunning=true baseIntent=Intent { act=android.intent.action.MAIN cat=[android.intent.category.LAUNCHER] flg=0x10200000 cmp=com.qrolic.reminderapp/.activity.SplashActivity } baseActivity=ComponentInfo{com.qrolic.reminderapp/com.qrolic.reminderapp.activity.HomeActivity} topActivity=ComponentInfo{com.qrolic.reminderapp/com.qrolic.reminderapp.activity.HomeActivity} origActivity=null realActivity=ComponentInfo{com.qrolic.reminderapp/com.qrolic.reminderapp.activity.SplashActivity} numActivities=1 lastActiveTime=161321994 supportsSplitScreenMultiWindow=true supportsMultiWindow=true resizeMode=1 isResizeable=true minWidth=-1 minHeight=-1 defaultMinSize=200 token=WCT{android.window.IWindowContainerToken$Stub$Proxy@85a1e96} topActivityType=1 pictureInPictureParams=null shouldDockBigOverlays=false launchIntoPipHostTaskId=0 displayCutoutSafeInsets=Rect(0, 93 - 0, 0) topActivityInfo=ActivityInfo{1b4ea17 com.qrolic.reminderapp.activity.HomeActivity} launchCookies=[] positionInParent=Point(0, 0) parentTaskId=-1 isFocused=true isVisible=true isSleeping=false topActivityInSizeCompat=false topActivityInMiuiSizeCompat=false topActivityEligibleForLetterboxEducation= false locusId=null displayAreaFeatureId=1 cameraCompatControlState=hidden mIsCastMode=false}
07-03 13:13:45.908  3035  3613 W RecentsModel: getTaskInfoIgnoreHomeAndFreeform   taskInfo=ComponentInfo{com.qrolic.reminderapp/com.qrolic.reminderapp.activity.HomeActivity}
07-03 13:13:45.915  3035  3613 E ActivityManagerWrapper: getRecentTasks: mainTaskId=32830   userId=0   baseIntent=Intent { act=android.intent.action.MAIN flag=270532608 cmp=ComponentInfo{com.qrolic.reminderapp/com.qrolic.reminderapp.activity.SplashActivity} }
07-03 13:13:45.955  3035  3613 W RecentsModel: getRunningTask   taskInfo=TaskInfo{userId=0 taskId=32830 displayId=0 isRunning=true baseIntent=Intent { act=android.intent.action.MAIN cat=[android.intent.category.LAUNCHER] flg=0x10200000 cmp=com.qrolic.reminderapp/.activity.SplashActivity } baseActivity=ComponentInfo{com.qrolic.reminderapp/com.qrolic.reminderapp.activity.HomeActivity} topActivity=ComponentInfo{com.qrolic.reminderapp/com.qrolic.reminderapp.activity.HomeActivity} origActivity=null realActivity=ComponentInfo{com.qrolic.reminderapp/com.qrolic.reminderapp.activity.SplashActivity} numActivities=1 lastActiveTime=161322041 supportsSplitScreenMultiWindow=true supportsMultiWindow=true resizeMode=1 isResizeable=true minWidth=-1 minHeight=-1 defaultMinSize=200 token=WCT{android.window.IWindowContainerToken$Stub$Proxy@e24de04} topActivityType=1 pictureInPictureParams=null shouldDockBigOverlays=false launchIntoPipHostTaskId=0 displayCutoutSafeInsets=Rect(0, 93 - 0, 0) topActivityInfo=ActivityInfo{c6fefed com.qrolic.reminderapp.activity.HomeActivity} launchCookies=[] positionInParent=Point(0, 0) parentTaskId=-1 isFocused=true isVisible=true isSleeping=false topActivityInSizeCompat=false topActivityInMiuiSizeCompat=false topActivityEligibleForLetterboxEducation= false locusId=null displayAreaFeatureId=1 cameraCompatControlState=hidden mIsCastMode=false}
07-03 13:13:45.955  3035  3613 W RecentsModel: getTaskInfoIgnoreHomeAndFreeform   taskInfo=ComponentInfo{com.qrolic.reminderapp/com.qrolic.reminderapp.activity.HomeActivity}
07-03 13:13:45.962  3035  3613 E ActivityManagerWrapper: getRecentTasks: mainTaskId=32830   userId=0   baseIntent=Intent { act=android.intent.action.MAIN flag=270532608 cmp=ComponentInfo{com.qrolic.reminderapp/com.qrolic.reminderapp.activity.SplashActivity} }
07-03 13:13:46.009  6185  6185 I GoogleInputMethodService: GoogleInputMethodService.onStartInput():1986 onStartInput(EditorInfo{EditorInfo{packageName=com.qrolic.reminderapp, inputType=0, inputTypeString=NULL, enableLearning=false, autoCorrection=false, autoComplete=false, imeOptions=0, privateImeOptions=null, actionName=UNSPECIFIED, actionLabel=null, initialSelStart=-1, initialSelEnd=-1, initialCapsMode=0, label=null, fieldId=-1, fieldName=null, extras=Bundle[mParcelledData.dataSize=72], hintText=null, hintLocales=[]}}, false)
07-03 13:13:46.385  1806  2016 D WindowManager: wms.Update InputWindowHandle: 61bc9c0 com.qrolic.reminderapp/com.qrolic.reminderapp.activity.HomeActivity, frame=[0,0,0,0], touchableRegion=SkRegion((0,0,1080,2400)), scaleFactor=1.0, transform=null, windowToken=android.os.BinderProxy@3617f43, isClone=false, visibal=true, focusable=true, changed=true
07-03 13:13:46.400  1806  4698 D CoreBackPreview: Window{7d7b8f8 u0 com.qrolic.reminderapp/com.qrolic.reminderapp.activity.AddNewReminder}: Setting back callback null
07-03 13:13:46.405  1806  4698 W InputManager-JNI: Input channel object '7d7b8f8 com.qrolic.reminderapp/com.qrolic.reminderapp.activity.AddNewReminder (client)' was disposed without first being removed with the input manager!
07-03 13:13:46.411  1806  4698 D WindowManager: setLockTaskAuth: task=Task{b8def73 #32830 type=standard A=10361:com.qrolic.reminderapp U=0 visible=true visibleRequested=true mode=fullscreen translucent=false sz=1} mLockTaskAuth=LOCK_TASK_AUTH_PINNABLE
07-03 13:13:48.891 28638 31067 I AudioManager: In isSpeakerphoneOn() calling application: com.qrolic.reminderapp
07-03 13:13:49.913  1806  5268 W NotificationService: Toast already killed. pkg=com.qrolic.reminderapp token=android.os.BinderProxy@bc018d9
07-03 13:14:40.803  8619  9485 D collectorManager: ThermalScenarioValue setForegroundCounts: com.qrolic.reminderapp
07-03 13:14:49.631 28638 31092 I AudioManager: In isSpeakerphoneOn() calling application: com.qrolic.reminderapp
07-03 13:15:40.820  8619  9485 D collectorManager: ThermalScenarioValue setForegroundCounts: com.qrolic.reminderapp
07-03 13:15:50.288 28638 31711 I AudioManager: In isSpeakerphoneOn() calling application: com.qrolic.reminderapp
07-03 13:15:50.296  1806  2848 I AppsFilter: interaction: PackageSetting{302b800 com.qrolic.reminderapp/10361} -> PackageSetting{90b1b53 us.zoom.videomeetings/10422} BLOCKED
07-03 13:15:50.296  1806  2848 I AppsFilter: interaction: PackageSetting{302b800 com.qrolic.reminderapp/10361} -> PackageSetting{1401c90 ru.yandex.yandexmaps/10322} BLOCKED
07-03 13:15:50.296  1806  2848 I AppsFilter: interaction: PackageSetting{302b800 com.qrolic.reminderapp/10361} -> PackageSetting{8603989 ru.yandex.taxi/10313} BLOCKED
07-03 13:15:50.296  1806  2848 I AppsFilter: interaction: PackageSetting{302b800 com.qrolic.reminderapp/10361} -> PackageSetting{b766d8e ru.dublgis.dgismobile/10336} BLOCKED
07-03 13:15:50.296  1806  2848 I AppsFilter: interaction: PackageSetting{302b800 com.qrolic.reminderapp/10361} -> PackageSetting{c80d312 com.google.android.apps.maps/10230} BLOCKED
07-03 13:16:40.888  8619  9485 D collectorManager: ThermalScenarioValue setForegroundCounts: com.qrolic.reminderapp
07-03 13:16:50.826 28638 32090 I AudioManager: In isSpeakerphoneOn() calling application: com.qrolic.reminderapp
07-03 13:17:40.924  8619  9485 D collectorManager: ThermalScenarioValue setForegroundCounts: com.qrolic.reminderapp
07-03 13:17:51.418 28638 32248 I AudioManager: In isSpeakerphoneOn() calling application: com.qrolic.reminderapp
07-03 13:18:40.945  8619  9485 D collectorManager: ThermalScenarioValue setForegroundCounts: com.qrolic.reminderapp
07-03 13:18:51.971 28638 32291 I AudioManager: In isSpeakerphoneOn() calling application: com.qrolic.reminderapp
07-03 13:19:41.028  8619  9485 D collectorManager: ThermalScenarioValue setForegroundCounts: com.qrolic.reminderapp
07-03 13:19:52.609 28638 32362 I AudioManager: In isSpeakerphoneOn() calling application: com.qrolic.reminderapp
07-03 13:20:41.091  8619  9485 D collectorManager: ThermalScenarioValue setForegroundCounts: com.qrolic.reminderapp
07-03 13:20:53.188 28638   553 I AudioManager: In isSpeakerphoneOn() calling application: com.qrolic.reminderapp
07-03 13:20:53.189  1806  5853 I AppsFilter: interaction: PackageSetting{302b800 com.qrolic.reminderapp/10361} -> PackageSetting{90b1b53 us.zoom.videomeetings/10422} BLOCKED
07-03 13:20:53.189  1806  5853 I AppsFilter: interaction: PackageSetting{302b800 com.qrolic.reminderapp/10361} -> PackageSetting{1401c90 ru.yandex.yandexmaps/10322} BLOCKED
07-03 13:20:53.189  1806  5853 I AppsFilter: interaction: PackageSetting{302b800 com.qrolic.reminderapp/10361} -> PackageSetting{8603989 ru.yandex.taxi/10313} BLOCKED
07-03 13:20:53.189  1806  5853 I AppsFilter: interaction: PackageSetting{302b800 com.qrolic.reminderapp/10361} -> PackageSetting{b766d8e ru.dublgis.dgismobile/10336} BLOCKED
07-03 13:20:53.189  1806  5853 I AppsFilter: interaction: PackageSetting{302b800 com.qrolic.reminderapp/10361} -> PackageSetting{c80d312 com.google.android.apps.maps/10230} BLOCKED
07-03 13:21:41.135  8619  9485 D collectorManager: ThermalScenarioValue setForegroundCounts: com.qrolic.reminderapp
07-03 13:21:53.802 28638   796 I AudioManager: In isSpeakerphoneOn() calling application: com.qrolic.reminderapp
07-03 13:22:41.169  8619  9485 D collectorManager: ThermalScenarioValue setForegroundCounts: com.qrolic.reminderapp
07-03 13:22:54.301 28638  1315 I AudioManager: In isSpeakerphoneOn() calling application: com.qrolic.reminderapp
07-03 13:23:41.240  8619  9485 D collectorManager: ThermalScenarioValue setForegroundCounts: com.qrolic.reminderapp
07-03 13:23:50.226  1806  3096 I SmartPower.com.qrolic.reminderapp/10361(28638): visible->invisible(783820ms) R(become invisible) adj=0.
07-03 13:23:50.226  1806  3096 I SmartPower.com.qrolic.reminderapp/10361(28638): invisible->background(1ms) R(become background) adj=0.
07-03 13:23:50.332  3035  3613 W RecentsModel: getRunningTask   taskInfo=TaskInfo{userId=0 taskId=32830 displayId=0 isRunning=true baseIntent=Intent { act=android.intent.action.MAIN cat=[android.intent.category.LAUNCHER] flg=0x10200000 cmp=com.qrolic.reminderapp/.activity.SplashActivity } baseActivity=ComponentInfo{com.qrolic.reminderapp/com.qrolic.reminderapp.activity.HomeActivity} topActivity=ComponentInf