07-03 01:28:04.684  1806  2181 I AppsFilter: interaction: PackageSetting{f2f5894 com.qrolic.reminderapp/10357} -> PackageSetting{d2393a3 ru.rosbank.android.beta/10320} BLOCKED
07-03 01:28:07.576  1806 13421 W PackageConfigPersister: App-specific configuration not found for packageName: com.qrolic.reminderapp and userId: 0
07-03 01:28:15.852  1806 13421 W PackageConfigPersister: App-specific configuration not found for packageName: com.qrolic.reminderapp and userId: 0
07-03 01:51:58.948  9702 19863 W PackageParser: Unknown element under <manifest>: queries at /data/app/~~5_dtyN-Eo9n40_ARz4CGxg==/com.qrolic.reminderapp-B8xXzv8GKJdXFGM4k8a39g==/base.apk Binary XML file line #21
07-03 01:52:20.094  1806 22734 I PFTBT   : Initiating full-data transport backup of com.qrolic.reminderapp token: 711455474
07-03 01:52:20.193  1806 22738 D BackupManagerService: bindToAgentSynchronous, packageName:com.qrolic.reminderapp uid:10357, userId:0
07-03 01:52:20.199  1806 22738 D BackupManagerService: [UserID:0] awaiting agent for ApplicationInfo{2848438 com.qrolic.reminderapp}
07-03 01:52:20.212  1806  2047 I ActivityManager: Start proc 22740:com.qrolic.reminderapp/u0a357 for backup {android/FullBackupAgent} caller=Backup
07-03 01:52:20.313  1806  2865 I SmartPower.com.qrolic.reminderapp/10357(22740): died->invisible(103446515ms) R(process start ) adj=-10000.
07-03 01:52:20.487  1806  2865 I UiModeManager: systemserver package:com.qrolic.reminderapp null
07-03 01:52:20.515  1806  2865 D BackupManagerService: [UserID:0] agentConnected pkg=com.qrolic.reminderapp agent=android.os.BinderProxy@199ee74
07-03 01:52:20.710  1806 22772 D BackupManagerService: Calling doFullBackup() on com.qrolic.reminderapp
07-03 01:52:22.253  1806  2181 I AppsFilter: interaction: PackageSetting{4acb26d com.qrolic.reminderapp/10357} -> PackageSetting{c1a7bb0 com.google.android.apps.safetyhub/10046} BLOCKED
07-03 01:52:24.737  1806  2554 I ActivityManager: Process com.qrolic.reminderapp (pid 22740) has died: bkup TRNB
07-03 01:52:25.393  1806  2181 I AppsFilter: interaction: PackageSetting{4acb26d com.qrolic.reminderapp/10357} -> PackageSetting{ea7ed82 com.google.android.apps.safetyhub/10046} BLOCKED
07-03 01:52:27.021  1806 22734 I PFTBT   : Unbinding agent in com.qrolic.reminderapp
07-03 01:52:50.660  1806  2181 I AppsFilter: interaction: PackageSetting{4acb26d com.qrolic.reminderapp/10357} -> PackageSetting{4b10138 ru.yandex.taxi/10313} BLOCKED
07-03 01:52:50.660  1806  2181 I AppsFilter: interaction: PackageSetting{4acb26d com.qrolic.reminderapp/10357} -> PackageSetting{70cc511 ru.yandex.taxi/10313} BLOCKED
07-03 01:52:55.261  1806  2181 I AppsFilter: interaction: PackageSetting{4acb26d com.qrolic.reminderapp/10357} -> PackageSetting{70cc511 ru.yandex.taxi/10313} BLOCKED
07-03 01:53:23.341  1806  2181 I AppsFilter: interaction: PackageSetting{4acb26d com.qrolic.reminderapp/10357} -> PackageSetting{69a8547 ru.yandex.yandexmaps/10322} BLOCKED
07-03 01:53:23.341  1806  2181 I AppsFilter: interaction: PackageSetting{4acb26d com.qrolic.reminderapp/10357} -> PackageSetting{509174 ru.yandex.yandexmaps/10322} BLOCKED
07-03 01:53:30.965  1806  2181 I AppsFilter: interaction: PackageSetting{4acb26d com.qrolic.reminderapp/10357} -> PackageSetting{509174 ru.yandex.yandexmaps/10322} BLOCKED
07-03 01:53:58.849  1806  2181 I AppsFilter: interaction: PackageSetting{4acb26d com.qrolic.reminderapp/10357} -> PackageSetting{e8a0efe com.zhiliaoapp.musically/10291} BLOCKED
07-03 01:53:58.850  1806  2181 I AppsFilter: interaction: PackageSetting{4acb26d com.qrolic.reminderapp/10357} -> PackageSetting{7cdf65f com.zhiliaoapp.musically/10291} BLOCKED
07-03 01:55:00.736  1806  2181 I AppsFilter: interaction: PackageSetting{4acb26d com.qrolic.reminderapp/10357} -> PackageSetting{7cdf65f com.zhiliaoapp.musically/10291} BLOCKED
07-03 01:55:45.064  1806  2181 I AppsFilter: interaction: PackageSetting{4acb26d com.qrolic.reminderapp/10357} -> PackageSetting{902bc95 com.xiaomi.smarthome/10416} BLOCKED
07-03 01:55:45.064  1806  2181 I AppsFilter: interaction: PackageSetting{4acb26d com.qrolic.reminderapp/10357} -> PackageSetting{bdde1aa com.xiaomi.smarthome/10416} BLOCKED
07-03 01:55:53.782  1806  2181 I AppsFilter: interaction: PackageSetting{4acb26d com.qrolic.reminderapp/10357} -> PackageSetting{bdde1aa com.xiaomi.smarthome/10416} BLOCKED
07-03 05:37:55.465  1806 23219 W PackageConfigPersister: App-specific configuration not found for packageName: com.qrolic.reminderapp and userId: 0
07-03 10:23:25.722  1806  3981 D PackageManager: Uninstall pkg: com.qrolic.reminderapp u0 flags:4 from u10130/3035 of com.miui.home
07-03 10:23:25.737  1806  2046 I ActivityManager: Force stopping com.qrolic.reminderapp appid=10357 user=0: deletePackageX
07-03 10:23:25.742  1806  2181 I AppsFilter: interaction: PackageSetting{627e716 com.fido.asm/10164} -> PackageSetting{4acb26d com.qrolic.reminderapp/10357} BLOCKED
07-03 10:23:26.141  1806  2181 W PackageFreezer: Freeze package com.qrolic.reminderapp about 0.41 seconds for reason: deletePackageX
07-03 10:23:26.184  1806  2181 I ActivityManager: Force stopping com.qrolic.reminderapp appid=10357 user=0: pkg removed
07-03 10:23:26.868  1806  2248 I RollbackManager: broadcast=ACTION_PACKAGE_FULLY_REMOVED pkg=com.qrolic.reminderapp
07-03 10:23:26.986  1806  1806 I GameManagerService: Disabling downscale for com.qrolic.reminderapp
07-03 10:23:27.061  1806  1806 I Telecom : CarModeTracker: Package com.qrolic.reminderapp is not tracked.: SSH.oR@Diw
07-03 10:23:27.196  1806  1806 I ConditionProviders: Disallowing condition provider com.qrolic.reminderapp (userSet: true)
07-03 12:21:47.137  1806  2181 W PackageFreezer: Freeze package com.qrolic.reminderapp about 0.115 seconds for reason: installPackageLI
07-03 12:21:47.137  1806  2181 I BackupManagerService: [UserID:0] restoreAtInstall pkg=com.qrolic.reminderapp token=13 restoreSet=36ec83521aee1411
07-03 12:21:50.034  1806  5147 I BackupManagerService: Next restore package: RestoreDescription{com.qrolic.reminderapp : STREAM}
07-03 12:21:52.467  1806 21568 I ActivityManager: clearApplicationUserData com.qrolic.reminderapp appid=10360 user=0 from u1000/1806
07-03 12:21:52.467  1806 21568 I ActivityManager: Force stopping com.qrolic.reminderapp appid=10360 user=0: clear data
07-03 12:21:52.470  1806 21568 I PackageManager: clearApplicationUserData packageName: com.qrolic.reminderapp user: 0 from u1000/1806
07-03 12:21:52.474  1806  2046 I ActivityManager: Force stopping com.qrolic.reminderapp appid=10360 user=-1: clearApplicationUserData
07-03 12:21:52.500  1806  2181 W PackageFreezer: Freeze package com.qrolic.reminderapp about 0.025 seconds for reason: clearApplicationUserData
07-03 12:21:52.501  1806  2181 I AppsFilter: interaction: PackageSetting{851d2a6 com.fido.asm/10164} -> PackageSetting{4d93b47 com.qrolic.reminderapp/10360} BLOCKED
07-03 12:21:52.710  1806 21568 D BackupManagerService: bindToAgentSynchronous, packageName:com.qrolic.reminderapp uid:10360, userId:0
07-03 12:21:52.721  1806 21568 D BackupManagerService: [UserID:0] awaiting agent for ApplicationInfo{c8b5e04 com.qrolic.reminderapp}
07-03 12:21:52.731  1806  2047 I ActivityManager: Start proc 21611:com.qrolic.reminderapp/u0a360 for backup {android/FullBackupAgent} caller=Backup
07-03 12:21:53.154  1806  5357 I UiModeManager: systemserver package:com.qrolic.reminderapp null
07-03 12:21:53.198  1806  5268 D BackupManagerService: [UserID:0] agentConnected pkg=com.qrolic.reminderapp agent=android.os.BinderProxy@61f50f4
07-03 12:21:54.110  1806  5147 D BackupManagerService: restoreFinished packageName=com.qrolic.reminderapp
07-03 12:21:54.113  1806  5147 D BackupManagerService: Restore complete, killing host process of com.qrolic.reminderapp
07-03 12:21:54.118  1806  2181 I InstallationTiming: com.qrolic.reminderapp|null|10486|170|16|1|0|880|0
07-03 12:21:54.118  1806  2181 I AppsFilter: interaction: PackageSetting{851d2a6 com.fido.asm/10164} -> PackageSetting{6f21cc0 com.qrolic.reminderapp/10360} BLOCKED
07-03 12:21:54.136  1806  2041 I MiuiCompatModePackages: package com.qrolic.reminderapp updated, removing config
07-03 12:21:54.249  1806  5263 I ActivityManager: Process com.qrolic.reminderapp (pid 21611) has died: bkup TRNB
07-03 12:21:54.419  1806  1806 I AppsFilter: interaction: PackageSetting{851d2a6 com.fido.asm/10164} -> PackageSetting{46f651b com.qrolic.reminderapp/10360} BLOCKED
07-03 12:21:54.506  1806  5147 W BackupTransportManager: Package com.qrolic.reminderapp enabled setting: 0
07-03 12:21:54.542  1806  2178 E VerityUtils: Failed to measure fs-verity, errno 1: /data/app/~~JTjbHqzUs2cLvq7-jGIlJA==/com.qrolic.reminderapp-19b7P0yeTLSNQOleKmdNAw==/base.apk
07-03 12:21:57.440  1806  2181 I AppsFilter: interaction: PackageSetting{46f651b com.qrolic.reminderapp/10360} -> PackageSetting{f824b8d com.microsoft.skydrive/10081} BLOCKED
07-03 12:29:40.378  1806  2999 D PackageManager: Uninstall pkg: com.qrolic.reminderapp u0 flags:2 from u2000/23445 of null
07-03 12:29:40.382  1806  2046 I ActivityManager: Force stopping com.qrolic.reminderapp appid=10360 user=-1: deletePackageX
07-03 12:29:40.383  1806  2181 I AppsFilter: interaction: PackageSetting{627e716 com.fido.asm/10164} -> PackageSetting{2a3c1b9 com.qrolic.reminderapp/10360} BLOCKED
07-03 12:29:40.651  1806  2181 W PackageFreezer: Freeze package com.qrolic.reminderapp about 0.269 seconds for reason: deletePackageX
07-03 12:29:40.664  1806  2181 I ActivityManager: Force stopping com.qrolic.reminderapp appid=10360 user=0: pkg removed
07-03 12:29:41.172  1806  2248 I RollbackManager: broadcast=ACTION_PACKAGE_FULLY_REMOVED pkg=com.qrolic.reminderapp
07-03 12:29:41.264  1806  1806 I GameManagerService: Disabling downscale for com.qrolic.reminderapp
07-03 12:29:41.274  1806  1806 I Telecom : CarModeTracker: Package com.qrolic.reminderapp is not tracked.: SSH.oR@DwA
07-03 12:29:41.276  1806  1806 I ConditionProviders: Disallowing condition provider com.qrolic.reminderapp (userSet: true)
07-03 12:29:59.008  1806  2181 W PackageFreezer: Freeze package com.qrolic.reminderapp about 0.112 seconds for reason: installPackageLI
07-03 12:29:59.008  1806  2181 I BackupManagerService: [UserID:0] restoreAtInstall pkg=com.qrolic.reminderapp token=14 restoreSet=36ec83521aee1411
07-03 12:30:06.528  1806  5147 I BackupManagerService: Next restore package: RestoreDescription{com.qrolic.reminderapp : STREAM}
07-03 12:30:07.614  1806 24363 I ActivityManager: clearApplicationUserData com.qrolic.reminderapp appid=10361 user=0 from u1000/1806
07-03 12:30:07.615  1806 24363 I ActivityManager: Force stopping com.qrolic.reminderapp appid=10361 user=0: clear data
07-03 12:30:07.624  1806 24363 I PackageManager: clearApplicationUserData packageName: com.qrolic.reminderapp user: 0 from u1000/1806
07-03 12:30:07.626  1806  2046 I ActivityManager: Force stopping com.qrolic.reminderapp appid=10361 user=-1: clearApplicationUserData
07-03 12:30:07.658  1806  2181 W PackageFreezer: Freeze package com.qrolic.reminderapp about 0.033 seconds for reason: clearApplicationUserData
07-03 12:30:07.664  1806  2181 I AppsFilter: interaction: PackageSetting{851d2a6 com.fido.asm/10164} -> PackageSetting{550c639 com.qrolic.reminderapp/10361} BLOCKED
07-03 12:30:07.902  1806 24363 D BackupManagerService: bindToAgentSynchronous, packageName:com.qrolic.reminderapp uid:10361, userId:0
07-03 12:30:07.911  1806 24363 D BackupManagerService: [UserID:0] awaiting agent for ApplicationInfo{7fa65ea com.qrolic.reminderapp}
07-03 12:30:07.929  1806  2047 I ActivityManager: Start proc 24392:com.qrolic.reminderapp/u0a361 for backup {android/FullBackupAgent} caller=Backup
07-03 12:30:08.443  1806  2554 I UiModeManager: systemserver package:com.qrolic.reminderapp null
07-03 12:30:08.481  1806  6277 D BackupManagerService: [UserID:0] agentConnected pkg=com.qrolic.reminderapp agent=android.os.BinderProxy@64b9da9
07-03 12:30:09.781  1806  5147 D BackupManagerService: restoreFinished packageName=com.qrolic.reminderapp
07-03 12:30:09.787  1806  5147 D BackupManagerService: Restore complete, killing host process of com.qrolic.reminderapp
07-03 12:30:09.795  1806  2181 I InstallationTiming: com.qrolic.reminderapp|null|14658|136|20|1|0|737|0
07-03 12:30:09.796  1806  2181 I AppsFilter: interaction: PackageSetting{851d2a6 com.fido.asm/10164} -> PackageSetting{a24167d com.qrolic.reminderapp/10361} BLOCKED
07-03 12:30:09.862  1806  2041 I MiuiCompatModePackages: package com.qrolic.reminderapp updated, removing config
07-03 12:30:09.897  1806  2865 I ActivityManager: Process com.qrolic.reminderapp (pid 24392) has died: bkup TRNB
07-03 12:30:10.006  1806  1806 I AppsFilter: interaction: PackageSetting{851d2a6 com.fido.asm/10164} -> PackageSetting{abdb8af com.qrolic.reminderapp/10361} BLOCKED
07-03 12:30:10.056  1806  5147 W BackupTransportManager: Package com.qrolic.reminderapp enabled setting: 0
07-03 12:30:10.141  1806  2178 E VerityUtils: Failed to measure fs-verity, errno 1: /data/app/~~HKQ-s5UFrsqd0w63LMUciQ==/com.qrolic.reminderapp-AxBgQ7cBByKCM32XnhxleA==/base.apk
07-03 12:57:25.471  1806  2181 I AppsFilter: interaction: PackageSetting{abdb8af com.qrolic.reminderapp/10361} -> PackageSetting{a0c14e6 com.google.android.calendar/10212} BLOCKED
07-03 13:10:06.545  1806  6264 I ActivityTaskManager: START u0 {act=android.intent.action.MAIN cat=[android.intent.category.LAUNCHER] flg=0x10200000 cmp=com.qrolic.reminderapp/.activity.SplashActivity bnds=[581,1701][754,1874] (has extras)} from uid 10130 from pid 3035 callingPackage com.miui.home
07-03 13:10:06.568  1806  6264 I WindowManager: When perf version lower than 2.3, MiGTStub result: false, gameType: 1, packageName: com.qrolic.reminderapp
07-03 13:10:06.581  1806  6264 D WindowManager: setLockTaskAuth: task=Task{b8def73 #32830 type=standard A=10361:com.qrolic.reminderapp U=0 visible=false visibleRequested=false mode=fullscreen translucent=true sz=0} mLockTaskAuth=LOCK_TASK_AUTH_PINNABLE
07-03 13:10:06.583  1806  6264 D WindowManager: setLockTaskAuth: task=Task{b8def73 #32830 type=standard A=10361:com.qrolic.reminderapp U=0 visible=true visibleRequested=false mode=fullscreen translucent=true sz=1} mLockTaskAuth=LOCK_TASK_AUTH_PINNABLE
07-03 13:10:06.615  1806  6264 D CoreBackPreview: Window{e4593a u0 Splash Screen com.qrolic.reminderapp}: Setting back callback OnBackInvokedCallbackInfo{mCallback=android.window.IOnBackInvokedCallback$Stub$Proxy@9e59348, mPriority=0}
07-03 13:10:06.616  1806  2047 D Boost   : hostingType=next-top-activity, hostingName={com.qrolic.reminderapp/com.qrolic.reminderapp.activity.SplashActivity}, callerPackage=com.miui.home, isSystem=true, isBoostNeeded=false.
07-03 13:10:06.617  1806  2047 I ActivityManager: Start proc 28638:com.qrolic.reminderapp/u0a361 for next-top-activity {com.qrolic.reminderapp/com.qrolic.reminderapp.activity.SplashActivity} caller=com.miui.home
07-03 13:10:06.658  1806  2016 I SmartPower.com.qrolic.reminderapp/10361(0): died->visible(2396761ms) R(become visible) adj=-10000.
07-03 13:10:06.668  1806  2016 I WindowManager: wms.showSurfaceRobustly mWin:Window{e4593a u0 Splash Screen com.qrolic.reminderapp}
07-03 13:10:06.978  1806  6277 I UiModeManager: systemserver package:com.qrolic.reminderapp null
07-03 13:10:07.003  1806  3099 D PackageManager: set app component=ComponentInfo{com.qrolic.reminderapp/androidx.work.impl.background.systemjob.SystemJobService} enabled state: 1 from null,uid=10361,pid=28638
07-03 13:10:07.811  1806  2047 D Boost   : hostingType=, hostingName={com.qrolic.reminderapp/org.chromium.content.app.SandboxedProcessService0:0}, callerPackage=com.qrolic.reminderapp, isSystem=false, isBoostNeeded=false.
07-03 13:10:07.812  1806  2047 I ActivityManager: Start proc 28732:com.google.android.webview:sandboxed_process0:org.chromium.content.app.SandboxedProcessService0:0/u0i330 for  {com.qrolic.reminderapp/org.chromium.content.app.SandboxedProcessService0:0} caller=com.qrolic.reminderapp
07-03 13:10:08.004  1806  2181 I AppsFilter: interaction: PackageSetting{851d2a6 com.fido.asm/10164} -> PackageSetting{302b800 com.qrolic.reminderapp/10361} BLOCKED
07-03 13:10:08.133 28638 28638 I ForceDarkHelperStubImpl: setViewRootImplForceDark: false for com.qrolic.reminderapp.activity.SplashActivity@3518fdd, reason: AppDarkModeEnable
07-03 13:10:08.142  1806  5357 D WindowManager: wms.Input focus has changed to Window{d4dde9e u0 com.qrolic.reminderapp/com.qrolic.reminderapp.activity.SplashActivity} display=0 updateInputWindows = false
07-03 13:10:08.146  1806  2016 D WindowManager: wms.Focus not requested for window=Window{d4dde9e u0 com.qrolic.reminderapp/com.qrolic.reminderapp.activity.SplashActivity} because it has no surface or is not focusable.
07-03 13:10:08.147  1806  6279 D CoreBackPreview: Window{d4dde9e u0 com.qrolic.reminderapp/com.qrolic.reminderapp.activity.SplashActivity}: Setting back callback OnBackInvokedCallbackInfo{mCallback=android.window.IOnBackInvokedCallback$Stub$Proxy@8cc0102, mPriority=0}
07-03 13:10:08.148 28638 28638 W Activity: PerfMonitor: Slow Operation: Activity com.qrolic.reminderapp/.activity.SplashActivity onCreate took 1082ms
07-03 13:10:08.172 28638 28638 I ForceDarkHelperStubImpl: setViewRootImplForceDark: false for com.qrolic.reminderapp.activity.SplashActivity@3518fdd, reason: AppDarkModeEnable
07-03 13:10:08.179  1806  2016 D WindowManager: wms.Focus not requested for window=Window{d4dde9e u0 com.qrolic.reminderapp/com.qrolic.reminderapp.activity.SplashActivity} because it has no surface or is not focusable.
07-03 13:10:08.180  1806  6277 D CoreBackPreview: Window{c4f5626 u0 com.qrolic.reminderapp/com.qrolic.reminderapp.activity.SplashActivity}: Setting back callback OnBackInvokedCallbackInfo{mCallback=android.window.IOnBackInvokedCallback$Stub$Proxy@c4aaeb2, mPriority=0}
07-03 13:10:08.201 28638 28638 W Looper  : PerfMonitor looperActivity : package=com.qrolic.reminderapp/.activity.SplashActivity time=1ms latency=1396ms  procState=-1  historyMsgCount=2 (msgIndex=2 wall=1166ms seq=4 late=212ms h=android.app.ActivityThread$H w=159)
07-03 13:10:08.417  1806  2016 D WindowManager: wms.Update InputWindowHandle: d4dde9e com.qrolic.reminderapp/com.qrolic.reminderapp.activity.SplashActivity, frame=[0,0,0,0], touchableRegion=SkRegion((-28,-759,1052,1641)), scaleFactor=1.0, transform=null, windowToken=android.os.BinderProxy@bb984d9, isClone=false, visibal=true, focusable=true, changed=true
07-03 13:10:08.442 28638 28638 I ForceDarkHelperStubImpl: setViewRootImplForceDark: false for com.qrolic.reminderapp.activity.SplashActivity@3518fdd, reason: AppDarkModeEnable
07-03 13:10:08.676  1806  3099 D WindowManager: wms.finishDrawingLocked: mDrawState=COMMIT_DRAW_PENDING Window{c4f5626 u0 com.qrolic.reminderapp/com.qrolic.reminderapp.activity.SplashActivity} in Surface(name=com.qrolic.reminderapp/com.qrolic.reminderapp.activity.SplashActivity)/@0xcf51e6e
07-03 13:10:08.676  1806  3099 D MiuiFreeFormGesturePointerEventListener: finishDrawingWindow: topFullScreenWindow= Window{c4f5626 u0 com.qrolic.reminderapp/com.qrolic.reminderapp.activity.SplashActivity}
07-03 13:10:08.682  1806  3099 D WindowManager: wms.finishDrawingLocked: mDrawState=COMMIT_DRAW_PENDING Window{d4dde9e u0 com.qrolic.reminderapp/com.qrolic.reminderapp.activity.SplashActivity} in Surface(name=com.qrolic.reminderapp/com.qrolic.reminderapp.activity.SplashActivity)/@0x1cfc72b
07-03 13:10:08.692  1806  2016 I WindowManager: wms.showSurfaceRobustly mWin:Window{c4f5626 u0 com.qrolic.reminderapp/com.qrolic.reminderapp.activity.SplashActivity}
07-03 13:10:08.693  1806  2016 I WindowManager: wms.showSurfaceRobustly mWin:Window{d4dde9e u0 com.qrolic.reminderapp/com.qrolic.reminderapp.activity.SplashActivity}
07-03 13:10:08.698  1806  2016 D WindowManager: wms.Update InputWindowHandle: d4dde9e com.qrolic.reminderapp/com.qrolic.reminderapp.activity.SplashActivity, frame=[0,0,0,0], touchableRegion=SkRegion((-28,-759,1052,1641)), scaleFactor=1.0, transform=null, windowToken=android.os.BinderProxy@bb984d9, isClone=false, visibal=true, focusable=true, changed=true
07-03 13:10:08.708  1806  5243 D CoreBackPreview: Window{e4593a u0 Splash Screen com.qrolic.reminderapp}: Setting back callback null
07-03 13:10:08.865  1806  2016 D WindowManager: wms.Update InputWindowHandle: d4dde9e com.qrolic.reminderapp/com.qrolic.reminderapp.activity.SplashActivity, frame=[0,0,0,0], touchableRegion=SkRegion((-28,-759,1052,1641)), scaleFactor=1.0, transform=null, windowToken=android.os.BinderProxy@bb984d9, isClone=false, visibal=true, focusable=true, changed=true
07-03 13:10:16.774  1806  5243 I ActivityTaskManager: START u0 {act=android.settings.action.MANAGE_OVERLAY_PERMISSION dat=package: cmp=com.android.settings/.Settings$OverlaySettingsActivity} from uid 10361 from pid 28638 callingPackage com.qrolic.reminderapp
07-03 13:10:16.809  1806  5243 D WindowManager: setLockTaskAuth: task=Task{b8def73 #32830 type=standard A=10361:com.qrolic.reminderapp U=0 visible=true visibleRequested=true mode=fullscreen translucent=false sz=2} mLockTaskAuth=LOCK_TASK_AUTH_PINNABLE
07-03 13:10:16.819  1806  2016 D WindowManager: wms.Update InputWindowHandle: d4dde9e com.qrolic.reminderapp/com.qrolic.reminderapp.activity.SplashActivity, frame=[0,0,0,0], touchableRegion=SkRegion((-28,-759,1052,1641)), scaleFactor=1.0, transform=null, windowToken=android.os.BinderProxy@bb984d9, isClone=false, visibal=true, focusable=true, changed=true
07-03 13:10:16.820  1806  5243 D CoreBackPreview: Window{d4dde9e u0 com.qrolic.reminderapp/com.qrolic.reminderapp.activity.SplashActivity}: Setting back callback null
07-03 13:10:16.831  1806  2047 D Boost   : hostingType=next-top-activity, hostingName={com.android.settings/com.android.settings.Settings$OverlaySettingsActivity}, callerPackage=com.qrolic.reminderapp, isSystem=false, isBoostNeeded=false.
07-03 13:10:16.835  1806  2047 I ActivityManager: Start proc 28851:com.android.settings/1000 for next-top-activity {com.android.settings/com.android.settings.Settings$OverlaySettingsActivity} caller=com.qrolic.reminderapp
07-03 13:10:16.852  1806  3099 D WindowManager: wms.Input focus has changed to Window{c4f5626 u0 com.qrolic.reminderapp/com.qrolic.reminderapp.activity.SplashActivity} display=0 updateInputWindows = false
07-03 13:10:16.861  1806  2016 D WindowManager: wms.Update InputWindowHandle: c4f5626 com.qrolic.reminderapp/com.qrolic.reminderapp.activity.SplashActivity, frame=[0,0,0,0], touchableRegion=SkRegion((0,0,1080,2400)), scaleFactor=1.0, transform=null, windowToken=android.os.BinderProxy@14f8581, isClone=false, visibal=true, focusable=true, changed=true
07-03 13:10:16.919  1806  2016 I SmartPower.com.qrolic.reminderapp/10361(28638): visible->invisible(10262ms) R(become invisible) adj=0.
07-03 13:10:16.919  1806  2016 I SmartPower.com.qrolic.reminderapp/10361(28638): invisible->background(0ms) R(become background) adj=0.
07-03 13:10:19.921  1806  2492 I SmartPower.com.qrolic.reminderapp/10361(28638): background->idle(3001ms) R(become invisible) adj=700.
07-03 13:10:20.870  1806  2492 I SmartPower.com.google.android.webview:sandboxed_process0:org.chromium.content.app.SandboxedProbackground->idle(13070ms) R(service end com.qrolic.reminderapp/org.chromium.content.app.SandboxedProcessService0:0) adj=700.
07-03 13:10:24.925  1806  2867 D ProcessMemoryCleaner: Compact memory: com.qrolic.reminderapp/10361(28638) state=hibernation adj=700 pri=111 usage=9 isKilled=false pss:120606 swap:307
07-03 13:10:34.547  1806  4698 D WindowManager: setLockTaskAuth: task=Task{b8def73 #32830 type=standard A=10361:com.qrolic.reminderapp U=0 visible=true visibleRequested=true mode=fullscreen translucent=false sz=3} mLockTaskAuth=LOCK_TASK_AUTH_PINNABLE
07-03 13:10:38.472  1806  2867 D ProcessMemoryCleaner: Compact memory: com.qrolic.reminderapp/10361(28638) state=hibernation adj=702 pri=111 usage=9 isKilled=false pss:100080 swap:42526
07-03 13:10:38.555  1806  5357 I ActivityTaskManager: START u0 {act=android.intent.action.MAIN cat=[android.intent.category.LAUNCHER] flg=0x10200000 cmp=com.qrolic.reminderapp/.activity.SplashActivity bnds=[581,1700][754,1873] (has extras)} from uid 10130 from pid 3035 callingPackage com.miui.home
07-03 13:10:38.557  1806  5357 I SmartPower.com.qrolic.reminderapp/10361(28638): idle->invisible(18637ms) R(become foreground) adj=702.
07-03 13:10:42.723  1806  1847 D WindowManager: setLockTaskAuth: task=Task{b8def73 #32830 type=standard A=10361:com.qrolic.reminderapp U=0 visible=true visibleRequested=true mode=fullscreen translucent=false sz=2} mLockTaskAuth=LOCK_TASK_AUTH_PINNABLE
07-03 13:10:43.864  1806  4698 I ActivityTaskManager: START u0 {act=android.intent.action.MAIN cat=[android.intent.category.LAUNCHER] flg=0x10200000 cmp=com.qrolic.reminderapp/.activity.SplashActivity bnds=[581,1701][754,1874] (has extras)} from uid 10130 from pid 3035 callingPackage com.miui.home
07-03 13:10:45.032 28638 28638 I ForceDarkHelperStubImpl: setViewRootImplForceDark: false for com.qrolic.reminderapp.activity.SplashActivity@3518fdd, reason: AppDarkModeEnable
07-03 13:10:45.085  1806  1806 D WindowManager: setLockTaskAuth: task=Task{b8def73 #32830 type=standard A=10361:com.qrolic.reminderapp U=0 visible=true visibleRequested=true mode=fullscreen translucent=false sz=3} mLockTaskAuth=LOCK_TASK_AUTH_PINNABLE
07-03 13:10:45.108  1806  2999 D WindowManager: wms.Input focus has changed to Window{c4f5626 u0 com.qrolic.reminderapp/com.qrolic.reminderapp.activity.SplashActivity} display=0 updateInputWindows = true
07-03 13:10:45.109  1806  2016 D WindowManager: wms.Update InputWindowHandle: c4f5626 com.qrolic.reminderapp/com.qrolic.reminderapp.activity.SplashActivity, frame=[0,0,0,0], touchableRegion=SkRegion((0,0,1080,2400)), scaleFactor=1.0, transform=null, windowToken=android.os.BinderProxy@14f8581, isClone=false, visibal=true, focusable=true, changed=true
07-03 13:10:45.133  1806  4698 D WindowManager: wms.finishDrawingLocked: mDrawState=COMMIT_DRAW_PENDING Window{c4f5626 u0 com.qrolic.reminderapp/com.qrolic.reminderapp.activity.SplashActivity} in Surface(name=com.qrolic.reminderapp/com.qrolic.reminderapp.activity.SplashActivity)/@0x9395a14
07-03 13:10:45.169  1806  6278 I ActivityTaskManager: START u0 {cmp=com.qrolic.reminderapp/.activity.HomeActivity} from uid 10361 from pid 28638 callingPackage com.qrolic.reminderapp
07-03 13:10:45.175  1806  6278 D WindowManager: setLockTaskAuth: task=Task{b8def73 #32830 type=standard A=10361:com.qrolic.reminderapp U=0 visible=true visibleRequested=true mode=fullscreen translucent=false sz=4} mLockTaskAuth=LOCK_TASK_AUTH_PINNABLE
07-03 13:10:45.177  1806  6278 I ActivityTaskManager: The Process com.qrolic.reminderapp Already Exists in BG. So sending its PID: 28638
07-03 13:10:45.208  1806  1806 D WindowManager: setLockTaskAuth: task=Task{b8def73 #32830 type=standard A=10361:com.qrolic.reminderapp U=0 visible=true visibleRequested=true mode=fullscreen translucent=false sz=5} mLockTaskAuth=LOCK_TASK_AUTH_PINNABLE
07-03 13:10:45.494  1806  4694 D WindowManager: setLockTaskAuth: task=Task{b8def73 #32830 type=standard A=10361:com.qrolic.reminderapp U=0 visible=true visibleRequested=true mode=fullscreen translucent=false sz=4} mLockTaskAuth=LOCK_TASK_AUTH_PINNABLE
07-03 13:10:45.665  1806  4694 D DexManager: Oops, can't get pkgUseInfo with /data/user/0/com.qrolic.reminderapp/app_pccache/5/C149D11A7176C839033DB5877FAE4AA58CC777F5/pcam.jar, skip dexopt on it.
07-03 13:10:45.772  1806  4694 I AppsFilter: interaction: PackageSetting{302b800 com.qrolic.reminderapp/10361} -> PackageSetting{90b1b53 us.zoom.videomeetings/10422} BLOCKED
07-03 13:10:45.772  1806  4694 I AppsFilter: interaction: PackageSetting{302b800 com.qrolic.reminderapp/10361} -> PackageSetting{1401c90 ru.yandex.yandexmaps/10322} BLOCKED
07-03 13:10:45.772  1806  4694 I AppsFilter: interaction: PackageSetting{302b800 com.qrolic.reminderapp/10361} -> PackageSetting{8603989 ru.yandex.taxi/10313} BLOCKED
07-03 13:10:45.772  1806  4694 I AppsFilter: interaction: PackageSetting{302b800 com.qrolic.reminderapp/10361} -> PackageSetting{b766d8e ru.dublgis.dgismobile/10336} BLOCKED
07-03 13:10:45.772  1806  4694 I AppsFilter: interaction: PackageSetting{302b800 com.qrolic.reminderapp/10361} -> PackageSetting{c80d312 com.google.android.apps.maps/10230} BLOCKED
07-03 13:10:45.793 28638 28638 W Activity: PerfMonitor: Slow Operation: Activity com.qrolic.reminderapp/.activity.HomeActivity onCreate took 550ms
07-03 13:10:45.886 28638 28638 I ForceDarkHelperStubImpl: setViewRootImplForceDark: false for com.qrolic.reminderapp.activity.HomeActivity@a044ea6, reason: AppDarkModeEnable
07-03 13:10:45.893  1806  6279 D CoreBackPreview: Window{61bc9c0 u0 com.qrolic.reminderapp/com.qrolic.reminderapp.activity.HomeActivity}: Setting back callback OnBackInvokedCallbackInfo{mCallback=android.window.IOnBackInvokedCallback$Stub$Proxy@81f563e, mPriority=0}
07-03 13:10:45.901 28638 28638 W Looper  : PerfMonitor looperActivity : package=com.qrolic.reminderapp/.activity.SplashActivity time=5ms latency=701ms  procState=-1  historyMsgCount=4 (msgIndex=4 wall=687ms seq=222 late=14ms h=android.app.ActivityThread$H w=159)
07-03 13:10:45.903  1806  6279 D CoreBackPreview: Window{c4f5626 u0 com.qrolic.reminderapp/com.qrolic.reminderapp.activity.SplashActivity}: Setting back callback null
07-03 13:10:45.912  1806  6279 D WindowManager: setLockTaskAuth: task=Task{b8def73 #32830 type=standard A=10361:com.qrolic.reminderapp U=0 visible=true visibleRequested=true mode=fullscreen translucent=false sz=3} mLockTaskAuth=LOCK_TASK_AUTH_PINNABLE
07-03 13:10:46.392  1806  4694 D WindowManager: wms.finishDrawingLocked: mDrawState=COMMIT_DRAW_PENDING Window{61bc9c0 u0 com.qrolic.reminderapp/com.qrolic.reminderapp.activity.HomeActivity} in Surface(name=com.qrolic.reminderapp/com.qrolic.reminderapp.activity.HomeActivity)/@0x4f3cb5b
07-03 13:10:46.406  1806  2016 I SmartPower.com.qrolic.reminderapp/10361(28638): invisible->visible(7848ms) R(become visible) adj=101.
07-03 13:10:46.412  1806  2016 I WindowManager: wms.showSurfaceRobustly mWin:Window{61bc9c0 u0 com.qrolic.reminderapp/com.qrolic.reminderapp.activity.HomeActivity}
07-03 13:10:46.990  1806  3099 D WindowManager: setLockTaskAuth: task=Task{b8def73 #32830 type=standard A=10361:com.qrolic.reminderapp U=0 visible=true visibleRequested=true mode=fullscreen translucent=false sz=2} mLockTaskAuth=LOCK_TASK_AUTH_PINNABLE
07-03 13:10:48.722  1806  3099 D WindowManager: wms.Input focus has changed to Window{61bc9c0 u0 com.qrolic.reminderapp/com.qrolic.reminderapp.activity.HomeActivity} display=0 updateInputWindows = true
07-03 13:10:48.864  1806  5268 D WindowManager: setLockTaskAuth: task=Task{b8def73 #32830 type=standard A=10361:com.qrolic.reminderapp U=0 visible=true visibleRequested=true mode=fullscreen translucent=false sz=1} mLockTaskAuth=LOCK_TASK_AUTH_PINNABLE
07-03 13:10:58.974  1806  6279 D PerfShielderService: com.qrolic.reminderapp|com.qrolic.reminderapp/com.qrolic.reminderapp.activity.HomeActivity|111|150856235515732|80|3|2
07-03 13:10:58.975  5267 16939 W MiuiPerfServiceClient: interceptAndQueuing:28638|com.qrolic.reminderapp|111|80|150856235515732|Slow handle traversal|2
07-03 13:11:09.661  1806  6279 D PerfShielderService: com.qrolic.reminderapp|com.qrolic.reminderapp/com.qrolic.reminderapp.activity.HomeActivity|85|150866351311822|68|5|3
07-03 13:11:09.662  5267 16939 W MiuiPerfServiceClient: interceptAndQueuing:28638|com.qrolic.reminderapp|85|68|150866351311822|Slow issue draw commands|3
07-03 13:12:00.823  1806  6278 I ActivityTaskManager: START u0 {cmp=com.qrolic.reminderapp/.activity.AddNewReminder (has extras)} from uid 10361 from pid 28638 callingPackage com.qrolic.reminderapp
07-03 13:12:00.827  1806  6278 D WindowManager: setLockTaskAuth: task=Task{b8def73 #32830 type=standard A=10361:com.qrolic.reminderapp U=0 visible=true visibleRequested=true mode=fullscreen translucent=false sz=2} mLockTaskAuth=LOCK_TASK_AUTH_PINNABLE
07-03 13:12:00.834  1806  2016 D WindowManager: wms.Update InputWindowHandle: 61bc9c0 com.qrolic.reminderapp/com.qrolic.reminderapp.activity.HomeActivity, frame=[0,0,0,0], touchableRegion=SkRegion((0,0,1080,2400)), scaleFactor=1.0, transform=null, windowToken=android.os.BinderProxy@3617f43, isClone=false, visibal=true, focusable=true, changed=true
07-03 13:12:00.840  1806  6278 I ActivityTaskManager: The Process com.qrolic.reminderapp Already Exists in BG. So sending its PID: 28638
07-03 13:12:00.989  3035  3613 W RecentsModel: getRunningTask   taskInfo=TaskInfo{userId=0 taskId=32830 displayId=0 isRunning=true baseIntent=Intent { act=android.intent.action.MAIN cat=[android.intent.category.LAUNCHER] flg=0x10200000 cmp=com.qrolic.reminderapp/.activity.SplashActivity } baseActivity=ComponentInfo{com.qrolic.reminderapp/com.qrolic.reminderapp.activity.HomeActivity} topActivity=ComponentInfo{com.qrolic.reminderapp/com.qrolic.reminderapp.activity.AddNewReminder} origActivity=null realActivity=ComponentInfo{com.qrolic.reminderapp/com.qrolic.reminderapp.activity.SplashActivity} numActivities=2 lastActiveTime=161217075 supportsSplitScreenMultiWindow=true supportsMultiWindow=true resizeMode=1 isResizeable=true minWidth=-1 minHeight=-1 defaultMinSize=200 token=WCT{android.window.IWindowContainerToken$Stub$Proxy@b7e9d40} topActivityType=1 pictureInPictureParams=null shouldDockBigOverlays=false launchIntoPipHostTaskId=0 displayCutoutSafeInsets=Rect(0, 93 - 0, 0) topActivityInfo=ActivityInfo{852a479 com.qrolic.reminderapp.activity.AddNewReminder} launchCookies=[] positionInParent=Point(0, 0) parentTaskId=-1 isFocused=true isVisible=true isSleeping=false topActivityInSizeCompat=false topActivityInMiuiSizeCompat=false topActivityEligibleForLetterboxEducation= false locusId=null displayAreaFeatureId=1 cameraCompatControlState=hidden mIsCastMode=false}
07-03 13:12:00.989  3035  3613 W RecentsModel: getTaskInfoIgnoreHomeAndFreeform   taskInfo=ComponentInfo{com.qrolic.reminderapp/com.qrolic.reminderapp.activity.HomeActivity}
07-03 13:12:00.995  3035  3613 E ActivityManagerWrapper: getRecentTasks: mainTaskId=32830   userId=0   baseIntent=Intent { act=android.intent.action.MAIN flag=270532608 cmp=ComponentInfo{com.qrolic.reminderapp/com.qrolic.reminderapp.activity.SplashActivity} }
07-03 13:12:01.041 28638 28638 I ForceDarkHelperStubImpl: setViewRootImplForceDark: false for com.qrolic.reminderapp.activity.AddNewReminder@cc00d99, reason: AppDarkModeEnable
07-03 13:12:01.047  1806  5268 D CoreBackPreview: Window{9cb412e u0 com.qrolic.reminderapp/com.qrolic.reminderapp.activity.AddNewReminder}: Setting back callback OnBackInvokedCallbackInfo{mCallback=android.window.IOnBackInvokedCallback$Stub$Proxy@88b7e5c, mPriority=0}
07-03 13:12:01.047  3035  3035 D RecentsImpl: mActivityStateObserver com.qrolic.reminderapp.activity.AddNewReminder
07-03 13:12:01.048  3035  3035 W RecentsImpl: onResumed className=com.qrolic.reminderapp.activity.AddNewReminder   mIsInAnotherPro=false   isKeyguardLocked=false   mSecuritySpaceGuideShown=false
07-03 13:12:01.083  1806  5268 D WindowManager: wms.Input focus has changed to Window{9cb412e u0 com.qrolic.reminderapp/com.qrolic.reminderapp.activity.AddNewReminder} display=0 updateInputWindows = true
07-03 13:12:01.084  1806  2016 D WindowManager: wms.Update InputWindowHandle: 9cb412e com.qrolic.reminderapp/com.qrolic.reminderapp.activity.AddNewReminder, frame=[0,0,0,0], touchableRegion=SkRegion((0,0,1080,2400)), scaleFactor=1.0, transform=null, windowToken=android.os.BinderProxy@cbb97a9, isClone=false, visibal=true, focusable=true, changed=true
07-03 13:12:01.092  1068  1180 I SurfaceFlinger: sf.setTransactionState focusRequest transactionId:7756711055980 frontWin:9cb412e com.qrolic.reminderapp/com.qrolic.reminderapp.activity.AddNewReminder
07-03 13:12:01.102  1068  1740 D SurfaceFlinger: updateInputFlinger::setFocusedWindow: windowName=9cb412e com.qrolic.reminderapp/com.qrolic.reminderapp.activity.AddNewReminder focusRequests.size=1
07-03 13:12:01.153  1806  4698 D WindowManager: wms.finishDrawingLocked: mDrawState=COMMIT_DRAW_PENDING Window{9cb412e u0 com.qrolic.reminderapp/com.qrolic.reminderapp.activity.AddNewReminder} in Surface(name=com.qrolic.reminderapp/com.qrolic.reminderapp.activity.AddNewReminder)/@0xe4d92e1
07-03 13:12:01.153  1806  4698 D MiuiFreeFormGesturePointerEventListener: finishDrawingWindow: topFullScreenWindow= Window{9cb412e u0 com.qrolic.reminderapp/com.qrolic.reminderapp.activity.AddNewReminder}
07-03 13:12:01.164  1806  2012 I ActivityTaskManager: Displayed com.qrolic.reminderapp/.activity.AddNewReminder: +336ms
07-03 13:12:01.164  1806  2016 I WindowManager: wms.showSurfaceRobustly mWin:Window{9cb412e u0 com.qrolic.reminderapp/com.qrolic.reminderapp.activity.AddNewReminder}
07-03 13:12:01.196  6185  6185 I GoogleInputMethodService: GoogleInputMethodService.onStartInput():1986 onStartInput(EditorInfo{EditorInfo{packageName=com.qrolic.reminderapp, inputType=0, inputTypeString=NULL, enableLearning=false, autoCorrection=false, autoComplete=false, imeOptions=0, privateImeOptions=null, actionName=UNSPECIFIED, actionLabel=null, initialSelStart=-1, initialSelEnd=-1, initialCapsMode=0, label=null, fieldId=-1, fieldName=null, extras=Bundle[mParcelledData.dataSize=72], hintText=null, hintLocales=[]}}, false)
07-03 13:12:01.660  2992 20907 D AppMiniWindowManager: onForegroundWindowChanged: com.qrolic.reminderapp
07-03 13:12:01.670  1806  2016 D WindowManager: wms.Update InputWindowHandle: 9cb412e com.qrolic.reminderapp/com.qrolic.reminderapp.activity.AddNewReminder, frame=[0,0,0,0], touchableRegion=SkRegion((0,0,1080,2400)), scaleFactor=1.0, transform=null, windowToken=android.os.BinderProxy@cbb97a9, isClone=false, visibal=true, focusable=true, changed=true
07-03 13:12:07.364  1806  2296 D MIUIInput: [MotionEvent] publisher action=0x0, 150934724, channel '9cb412e com.qrolic.reminderapp/com.qrolic.reminderapp.activity.AddNewReminder (server)'
07-03 13:12:07.408  1806  2296 D MIUIInput: [MotionEvent] publisher action=0x1, 150934770, channel '9cb412e com.qrolic.reminderapp/com.qrolic.reminderapp.activity.AddNewReminder (server)'
07-03 13:12:07.430  1806  2016 D WindowManager: wms.Focus not requested for window=Window{9cb412e u0 com.qrolic.reminderapp/com.qrolic.reminderapp.activity.AddNewReminder} because it has no surface or is not focusable.
07-03 13:12:07.439  1806  5268 D PerfStubImpl: perfWarmLaunchBoost: com.qrolic.reminderapp, -1, 2
07-03 13:12:07.451  1806  2466 D ProcessManager: skip notify foregroundAppInfo:ApplicationInfo{4571ca7 com.qrolic.reminderapp}
07-03 13:12:07.453 28638 28638 I ForceDarkHelperStubImpl: setViewRootImplForceDark: false for com.qrolic.reminderapp.activity.HomeActivity@a044ea6, reason: AppDarkModeEnable
07-03 13:12:07.470  3035  3035 D RecentsImpl: mActivityStateObserver com.qrolic.reminderapp.activity.HomeActivity
07-03 13:12:07.470  3035  3035 W RecentsImpl: onResumed className=com.qrolic.reminderapp.activity.HomeActivity   mIsInAnotherPro=false   isKeyguardLocked=false   mSecuritySpaceGuideShown=false
07-03 13:12:07.478  1806  6279 D WindowManager: wms.Input focus has changed to Window{61bc9c0 u0 com.qrolic.reminderapp/com.qrolic.reminderapp.activity.HomeActivity} display=0 updateInputWindows = true
07-03 13:12:07.479  1806  2016 D WindowManager: wms.Update InputWindowHandle: 61bc9c0 com.qrolic.reminderapp/com.qrolic.reminderapp.activity.HomeActivity, frame=[0,0,0,0], touchableRegion=SkRegion((0,0,1080,2400)), scaleFactor=1.0, transform=null, windowToken=android.os.BinderProxy@3617f43, isClone=false, visibal=true, focusable=true, changed=true
07-03 13:12:07.484  1068  1179 I SurfaceFlinger: sf.setTransactionState focusRequest transactionId:7756711056086 frontWin:61bc9c0 com.qrolic.reminderapp/com.qrolic.reminderapp.activity.HomeActivity
07-03 13:12:07.495  1068  1740 D SurfaceFlinger: updateInputFlinger::setFocusedWindow: windowName=61bc9c0 com.qrolic.reminderapp/com.qrolic.reminderapp.activity.HomeActivity focusRequests.size=1
07-03 13:12:07.516  1806  6279 D WindowManager: wms.finishDrawingLocked: mDrawState=COMMIT_DRAW_PENDING Window{61bc9c0 u0 com.qrolic.reminderapp/com.qrolic.reminderapp.activity.HomeActivity} in Surface(name=com.qrolic.reminderapp/com.qrolic.reminderapp.activity.HomeActivity)/@0x378f99f
07-03 13:12:07.523  1806  2016 I WindowManager: wms.showSurfaceRobustly mWin:Window{61bc9c0 u0 com.qrolic.reminderapp/com.qrolic.reminderapp.activity.HomeActivity}
07-03 13:12:07.552  2992  2992 D KeyguardEditorHelper: onTopActivityMayChanged, topActivity=ComponentInfo{com.qrolic.reminderapp/com.qrolic.reminderapp.activity.HomeActivity}; mState=IDEL
07-03 13:12:07.552  2992  2992 I FocusedNotifPromptContr: onTopActivityMayChanged: topActivity=com.qrolic.reminderapp
07-03 13:12:07.552  2992  2992 I FocusedNotifPromptContr: topActivityMayChanged: topActivity=com.qrolic.reminderapp
07-03 13:12:07.553  3035  3613 W RecentsModel: getRunningTask   taskInfo=TaskInfo{userId=0 taskId=32830 displayId=0 isRunning=true baseIntent=Intent { act=android.intent.action.MAIN cat=[android.intent.category.LAUNCHER] flg=0x10200000 cmp=com.qrolic.reminderapp/.activity.SplashActivity } baseActivity=ComponentInfo{com.qrolic.reminderapp/com.qrolic.reminderapp.activity.HomeActivity} topActivity=ComponentInfo{com.qrolic.reminderapp/com.qrolic.reminderapp.activity.HomeActivity} origActivity=null realActivity=ComponentInfo{com.qrolic.reminderapp/com.qrolic.reminderapp.activity.SplashActivity} numActivities=1 lastActiveTime=161223638 supportsSplitScreenMultiWindow=true supportsMultiWindow=true resizeMode=1 isResizeable=true minWidth=-1 minHeight=-1 defaultMinSize=200 token=WCT{android.window.IWindowContainerToken$Stub$Proxy@7e315be} topActivityType=1 pictureInPictureParams=null shouldDockBigOverlays=false launchIntoPipHostTaskId=0 displayCutoutSafeInsets=Rect(0, 93 - 0, 0) topActivityInfo=ActivityInfo{b44561f com.qrolic.reminderapp.activity.HomeActivity} launchCookies=[] positionInParent=Point(0, 0) parentTaskId=-1 isFocused=true isVisible=true isSleeping=false topActivityInSizeCompat=false topActivityInMiuiSizeCompat=false topActivityEligibleForLetterboxEducation= false locusId=null displayAreaFeatureId=1 cameraCompatControlState=hidden mIsCastMode=false}
07-03 13:12:07.553  3035  3613 W RecentsModel: getTaskInfoIgnoreHomeAndFreeform   taskInfo=ComponentInfo{com.qrolic.reminderapp/com.qrolic.reminderapp.activity.HomeActivity}
07-03 13:12:07.559  3035  3613 E ActivityManagerWrapper: getRecentTasks: mainTaskId=32830   userId=0   baseIntent=Intent { act=android.intent.action.MAIN flag=270532608 cmp=ComponentInfo{com.qrolic.reminderapp/com.qrolic.reminderapp.activity.SplashActivity} }
07-03 13:12:07.599  3035  3613 W RecentsModel: getRunningTask   taskInfo=TaskInfo{userId=0 taskId=32830 displayId=0 isRunning=true baseIntent=Intent { act=android.intent.action.MAIN cat=[android.intent.category.LAUNCHER] flg=0x10200000 cmp=com.qrolic.reminderapp/.activity.SplashActivity } baseActivity=ComponentInfo{com.qrolic.reminderapp/com.qrolic.reminderapp.activity.HomeActivity} topActivity=ComponentInfo{com.qrolic.reminderapp/com.qrolic.reminderapp.activity.HomeActivity} origActivity=null realActivity=ComponentInfo{com.qrolic.reminderapp/com.qrolic.reminderapp.activity.SplashActivity} numActivities=1 lastActiveTime=161223685 supportsSplitScreenMultiWindow=true supportsMultiWindow=true resizeMode=1 isResizeable=true minWidth=-1 minHeight=-1 defaultMinSize=200 token=WCT{android.window.IWindowContainerToken$Stub$Proxy@9504d6c} topActivityType=1 pictureInPictureParams=null shouldDockBigOverlays=false launchIntoPipHostTaskId=0 displayCutoutSafeInsets=Rect(0, 93 - 0, 0) topActivityInfo=ActivityInfo{c500f35 com.qrolic.reminderapp.activity.HomeActivity} launchCookies=[] positionInParent=Point(0, 0) parentTaskId=-1 isFocused=true isVisible=true isSleeping=false topActivityInSizeCompat=false topActivityInMiuiSizeCompat=false topActivityEligibleForLetterboxEducation= false locusId=null displayAreaFeatureId=1 cameraCompatControlState=hidden mIsCastMode=false}
07-03 13:12:07.599  3035  3613 W RecentsModel: getTaskInfoIgnoreHomeAndFreeform   taskInfo=ComponentInfo{com.qrolic.reminderapp/com.qrolic.reminderapp.activity.HomeActivity}
07-03 13:12:07.608  6185  6185 I GoogleInputMethodService: GoogleInputMethodService.onStartInput():1986 onStartInput(EditorInfo{EditorInfo{packageName=com.qrolic.reminderapp, inputType=0, inputTypeString=NULL, enableLearning=false, autoCorrection=false, autoComplete=false, imeOptions=0, privateImeOptions=null, actionName=UNSPECIFIED, actionLabel=null, initialSelStart=-1, initialSelEnd=-1, initialCapsMode=0, label=null, fieldId=-1, fieldName=null, extras=Bundle[mParcelledData.dataSize=72], hintText=null, hintLocales=[]}}, false)
07-03 13:12:07.611  3035  3613 E ActivityManagerWrapper: getRecentTasks: mainTaskId=32830   userId=0   baseIntent=Intent { act=android.intent.action.MAIN flag=270532608 cmp=ComponentInfo{com.qrolic.reminderapp/com.qrolic.reminderapp.activity.SplashActivity} }
07-03 13:12:08.027  1806  2016 D WindowManager: wms.Update InputWindowHandle: 61bc9c0 com.qrolic.reminderapp/com.qrolic.reminderapp.activity.HomeActivity, frame=[0,0,0,0], touchableRegion=SkRegion((0,0,1080,2400)), scaleFactor=1.0, transform=null, windowToken=android.os.BinderProxy@3617f43, isClone=false, visibal=true, focusable=true, changed=true
07-03 13:12:08.041  1806  5268 D CoreBackPreview: Window{9cb412e u0 com.qrolic.reminderapp/com.qrolic.reminderapp.activity.AddNewReminder}: Setting back callback null
07-03 13:12:08.045  1806  5268 W InputManager-JNI: Input channel object '9cb412e com.qrolic.reminderapp/com.qrolic.reminderapp.activity.AddNewReminder (client)' was disposed without first being removed with the input manager!
07-03 13:12:08.049  1806  5268 D WindowManager: setLockTaskAuth: task=Task{b8def73 #32830 type=standard A=10361:com.qrolic.reminderapp U=0 visible=true visibleRequested=true mode=fullscreen translucent=false sz=1} mLockTaskAuth=LOCK_TASK_AUTH_PINNABLE
07-03 13:12:08.749  1806  2296 D MIUIInput: [MotionEvent] publisher action=0x0, 150936108, channel '61bc9c0 com.qrolic.reminderapp/com.qrolic.reminderapp.activity.HomeActivity (server)'
07-03 13:12:08.828  1806  2296 D MIUIInput: [MotionEvent] publisher action=0x1, 150936183, channel '61bc9c0 com.qrolic.reminderapp/com.qrolic.reminderapp.activity.HomeActivity (server)'
07-03 13:12:08.934 28638 28638 I ForceDarkHelperStubImpl: setViewRootImplForceDark: false for com.qrolic.reminderapp.activity.HomeActivity@a044ea6, reason: AppDarkModeEnable
07-03 13:12:08.939  1806  5268 D WindowManager: wms.Input focus has changed to Window{9791f25 u0 com.qrolic.reminderapp/com.qrolic.reminderapp.activity.HomeActivity} display=0 updateInputWindows = false
07-03 13:12:08.940  1806  2016 D WindowManager: wms.Focus not requested for window=Window{9791f25 u0 com.qrolic.reminderapp/com.qrolic.reminderapp.activity.HomeActivity} because it has no surface or is not focusable.
07-03 13:12:08.943  1806  5268 D CoreBackPreview: Window{9791f25 u0 com.qrolic.reminderapp/com.qrolic.reminderapp.activity.HomeActivity}: Setting back callback OnBackInvokedCallbackInfo{mCallback=android.window.IOnBackInvokedCallback$Stub$Proxy@54ffa87, mPriority=0}
07-03 13:12:08.966  1806  2016 D WindowManager: wms.Update InputWindowHandle: 9791f25 com.qrolic.reminderapp/com.qrolic.reminderapp.activity.HomeActivity, frame=[0,0,0,0], touchableRegion=SkRegion((0,-93,1080,2307)), scaleFactor=1.0, transform=null, windowToken=android.os.BinderProxy@94e71c, isClone=false, visibal=true, focusable=true, changed=true
07-03 13:12:08.970 28638 28638 I ForceDarkHelperStubImpl: setViewRootImplForceDark: false for com.qrolic.reminderapp.activity.HomeActivity@a044ea6, reason: AppDarkModeEnable
07-03 13:12:08.978  1068  2176 I SurfaceFlinger: sf.setTransactionState focusRequest transactionId:7756711056159 frontWin:9791f25 com.qrolic.reminderapp/com.qrolic.reminderapp.activity.HomeActivity
07-03 13:12:08.988  1068  1740 D SurfaceFlinger: updateInputFlinger::setFocusedWindow: windowName=9791f25 com.qrolic.reminderapp/com.qrolic.reminderapp.activity.HomeActivity focusRequests.size=1
07-03 13:12:08.994  1806  4698 D WindowManager: wms.finishDrawingLocked: mDrawState=COMMIT_DRAW_PENDING Window{9791f25 u0 com.qrolic.reminderapp/com.qrolic.reminderapp.activity.HomeActivity} in Surface(name=com.qrolic.reminderapp/com.qrolic.reminderapp.activity.HomeActivity)/@0xcccfdb4
07-03 13:12:09.001  1806  2016 I WindowManager: wms.showSurfaceRobustly mWin:Window{9791f25 u0 com.qrolic.reminderapp/com.qrolic.reminderapp.activity.HomeActivity}
07-03 13:12:09.004  1806  2016 D WindowManager: wms.Update InputWindowHandle: 9791f25 com.qrolic.reminderapp/com.qrolic.reminderapp.activity.HomeActivity, frame=[0,0,0,0], touchableRegion=SkRegion((0,-93,1080,2307)), scaleFactor=1.0, transform=null, windowToken=android.os.BinderProxy@94e71c, isClone=false, visibal=true, focusable=true, changed=true
07-03 13:12:09.041  6185  6185 I GoogleInputMethodService: GoogleInputMethodService.onStartInput():1986 onStartInput(EditorInfo{EditorInfo{packageName=com.qrolic.reminderapp, inputType=0, inputTypeString=NULL, enableLearning=false, autoCorrection=false, autoComplete=false, imeOptions=0, privateImeOptions=null, actionName=UNSPECIFIED, actionLabel=null, initialSelStart=-1, initialSelEnd=-1, initialCapsMode=0, label=null, fieldId=-1, fieldName=null, extras=Bundle[mParcelledData.dataSize=72], hintText=null, hintLocales=[]}}, false)
07-03 13:12:09.276  1806  2016 D WindowManager: wms.Update InputWindowHandle: 9791f25 com.qrolic.reminderapp/com.qrolic.reminderapp.activity.HomeActivity, frame=[0,0,0,0], touchableRegion=SkRegion((0,-93,1080,2307)), scaleFactor=1.0, transform=null, windowToken=android.os.BinderProxy@94e71c, isClone=false, visibal=true, focusable=true, changed=true
